10.1.2.102 - - [27/Aug/2015:11:01:20 -0300] "GET /saiku/rest/saiku/admin/discover/microdados/Bases%20Atuais/Bases%20Atuais/MTE%20RAIS/dimensions?key=microdados%2FBases+Atuais%2FBases+Atuais%2FMTE%2520RAIS&_=1440684698602 HTTP/1.1" 200 9669 "http://10.210.5.50/analise/" "Mozilla/5.0 (Windows NT 6.1; WOW64; rv:40.0) Gecko/20100101 Firefox/40.0"
10.1.2.102 - - [27/Aug/2015:11:01:20 -0300] "GET /saiku/rest/saiku/admin/discover/microdados/Bases%20Atuais/Bases%20Atuais/PBQ%20CadUnico%20(Familias%20Quilombolas)/measures?key=microdados%2FBases+Atuais%2FBases+Atuais%2FPBQ%2520CadUnico%2520(Familias%2520Quilombolas)&_=1440684698603 HTTP/1.1" 200 6760 "http://10.210.5.50/analise/" "Mozilla/5.0 (Windows NT 6.1; WOW64; rv:40.0) Gecko/20100101 Firefox/40.0"
10.1.2.102 - - [27/Aug/2015:11:01:20 -0300] "GET /saiku/rest/saiku/admin/discover/microdados/Bases%20Atuais/Bases%20Atuais/PBQ%20CadUnico%20(Familias%20Quilombolas)/dimensions?key=microdados%2FBases+Atuais%2FBases+Atuais%2FPBQ%2520CadUnico%2520(Familias%2520Quilombolas)&_=1440684698603 HTTP/1.1" 200 32318 "http://10.210.5.50/analise/" "Mozilla/5.0 (Windows NT 6.1; WOW64; rv:40.0) Gecko/20100101 Firefox/40.0"
10.1.2.102 - - [27/Aug/2015:11:01:20 -0300] "GET /saiku/rest/saiku/admin/discover/microdados/Bases%20Atuais/Bases%20Atuais/PBQ%20CadUnico%20(Pessoas%20Quilombolas)/dimensions?key=microdados%2FBases+Atuais%2FBases+Atuais%2FPBQ%2520CadUnico%2520(Pessoas%2520Quilombolas)&_=1440684698603 HTTP/1.1" 200 16499 "http://10.210.5.50/analise/" "Mozilla/5.0 (Windows NT 6.1; WOW64; rv:40.0) Gecko/20100101 Firefox/40.0"
10.1.2.102 - - [27/Aug/2015:11:01:20 -0300] "GET /saiku/rest/saiku/admin/discover/microdados/Bases%20Atuais/Bases%20Atuais/PBQ%20CadUnico%20(Pessoas%20Quilombolas)/measures?key=microdados%2FBases+Atuais%2FBases+Atuais%2FPBQ%2520CadUnico%2520(Pessoas%2520Quilombolas)&_=1440684698604 HTTP/1.1" 200 5520 "http://10.210.5.50/analise/" "Mozilla/5.0 (Windows NT 6.1; WOW64; rv:40.0) Gecko/20100101 Firefox/40.0"
10.1.2.102 - - [27/Aug/2015:11:01:20 -0300] "GET /saiku/rest/saiku/admin/discover/microdados/Bases%20Atuais/Bases%20Atuais/PBQ%20Censo%20Escolar%20(Alunos%20de%20Escolas%20Quilombolas)/measures?key=microdados%2FBases+Atuais%2FBases+Atuais%2FPBQ%2520Censo%2520Escolar%2520(Alunos%2520de%2520Escolas%2520Quilombolas)&_=1440684698604 HTTP/1.1" 200 494 "http://10.210.5.50/analise/" "Mozilla/5.0 (Windows NT 6.1; WOW64; rv:40.0) Gecko/20100101 Firefox/40.0"
10.1.2.102 - - [27/Aug/2015:11:01:20 -0300] "GET /saiku/rest/saiku/admin/discover/microdados/Bases%20Atuais/Bases%20Atuais/PBQ%20Censo%20Escolar%20(Alunos%20de%20Escolas%20Quilombolas)/dimensions?key=microdados%2FBases+Atuais%2FBases+Atuais%2FPBQ%2520Censo%2520Escolar%2520(Alunos%2520de%2520Escolas%2520Quilombolas)&_=1440684698604 HTTP/1.1" 200 15942 "http://10.210.5.50/analise/" "Mozilla/5.0 (Windows NT 6.1; WOW64; rv:40.0) Gecko/20100101 Firefox/40.0"
10.1.2.102 - - [27/Aug/2015:11:01:20 -0300] "GET /saiku/rest/saiku/admin/discover/microdados/Bases%20Atuais/Bases%20Atuais/PBQ%20Censo%20Escolar%20(Escolas%20Quilombolas)/measures?key=microdados%2FBases+Atuais%2FBases+Atuais%2FPBQ%2520Censo%2520Escolar%2520(Escolas%2520Quilombolas)&_=1440684698605 HTTP/1.1" 200 1131 "http://10.210.5.50/analise/" "Mozilla/5.0 (Windows NT 6.1; WOW64; rv:40.0) Gecko/20100101 Firefox/40.0"
10.1.2.102 - - [27/Aug/2015:11:01:20 -0300] "GET /saiku/rest/saiku/admin/discover/microdados/Bases%20Atuais/Bases%20Atuais/PBQ%20Dados%20Integrados/measures?key=microdados%2FBases+Atuais%2FBases+Atuais%2FPBQ%2520Dados%2520Integrados&_=1440684698605 HTTP/1.1" 200 1050 "http://10.210.5.50/analise/" "Mozilla/5.0 (Windows NT 6.1; WOW64; rv:40.0) Gecko/20100101 Firefox/40.0"
10.1.2.102 - - [27/Aug/2015:11:01:20 -0300] "GET /saiku/rest/saiku/admin/discover/microdados/Bases%20Atuais/Bases%20Atuais/PBQ%20Servicos%20(Paineis)/dimensions?key=microdados%2FBases+Atuais%2FBases+Atuais%2FPBQ%2520Servicos%2520(Paineis)&_=1440684698606 HTTP/1.1" 200 919 "http://10.210.5.50/analise/" "Mozilla/5.0 (Windows NT 6.1; WOW64; rv:40.0) Gecko/20100101 Firefox/40.0"
10.1.2.102 - - [27/Aug/2015:11:01:20 -0300] "GET /saiku/rest/saiku/admin/discover/microdados/Bases%20Atuais/Bases%20Atuais/PBQ%20Censo%20Escolar%20(Escolas%20Quilombolas)/dimensions?key=microdados%2FBases+Atuais%2FBases+Atuais%2FPBQ%2520Censo%2520Escolar%2520(Escolas%2520Quilombolas)&_=1440684698605 HTTP/1.1" 200 25017 "http://10.210.5.50/analise/" "Mozilla/5.0 (Windows NT 6.1; WOW64; rv:40.0) Gecko/20100101 Firefox/40.0"
10.1.2.102 - - [27/Aug/2015:11:01:20 -0300] "GET /saiku/rest/saiku/admin/discover/microdados/Bases%20Atuais/Bases%20Atuais/PBQ%20Dados%20Integrados/dimensions?key=microdados%2FBases+Atuais%2FBases+Atuais%2FPBQ%2520Dados%2520Integrados&_=1440684698605 HTTP/1.1" 200 7254 "http://10.210.5.50/analise/" "Mozilla/5.0 (Windows NT 6.1; WOW64; rv:40.0) Gecko/20100101 Firefox/40.0"
10.1.2.102 - - [27/Aug/2015:11:01:20 -0300] "GET /saiku/rest/saiku/admin/discover/microdados/Bases%20Atuais/Bases%20Atuais/PBQ%20Servicos%20(Paineis)/measures?key=microdados%2FBases+Atuais%2FBases+Atuais%2FPBQ%2520Servicos%2520(Paineis)&_=1440684698606 HTTP/1.1" 200 5771 "http://10.210.5.50/analise/" "Mozilla/5.0 (Windows NT 6.1; WOW64; rv:40.0) Gecko/20100101 Firefox/40.0"
10.1.2.103 - - [27/Aug/2015:11:01:21 -0300] "GET /analise/images/src/sort_none.png HTTP/1.1" 200 191 "http://10.210.5.50/analise/css/saiku/src/styles.css" "Mozilla/5.0 (Windows NT 6.1; WOW64; rv:40.0) Gecko/20100101 Firefox/40.0"
10.1.2.103 - - [27/Aug/2015:11:01:21 -0300] "GET /analise/images/src/cancel3.png HTTP/1.1" 200 3742 "http://10.210.5.50/analise/css/saiku/src/styles.css" "Mozilla/5.0 (Windows NT 6.1; WOW64; rv:40.0) Gecko/20100101 Firefox/40.0"
10.1.2.103 - - [27/Aug/2015:11:01:21 -0300] "POST /saiku/rest/saiku/admin/query/BAAC4EAC-08BB-2DFD-8BA5-FE884FD6BFCF/axis/COLUMNS/dimension/Banheiro/hierarchy/%5BBanheiro%5D/%5BBanheiro%5D.%5BBanheiro%5D HTTP/1.1" 201 - "http://10.210.5.50/analise/" "Mozilla/5.0 (Windows NT 6.1; WOW64; rv:40.0) Gecko/20100101 Firefox/40.0"
10.1.2.103 - - [27/Aug/2015:11:01:25 -0300] "POST /saiku/rest/saiku/admin/query/BAAC4EAC-08BB-2DFD-8BA5-FE884FD6BFCF/axis/ROWS/dimension/Measures/member/%5BMeasures%5D.%5BFam%C3%ADlias%5D HTTP/1.1" 201 - "http://10.210.5.50/analise/" "Mozilla/5.0 (Windows NT 6.1; WOW64; rv:40.0) Gecko/20100101 Firefox/40.0"
10.1.2.103 - - [27/Aug/2015:11:01:25 -0300] "GET /saiku/rest/saiku/admin/query/BAAC4EAC-08BB-2DFD-8BA5-FE884FD6BFCF/result/flattened?limit=0&_=1440684703514 HTTP/1.1" 200 1034 "http://10.210.5.50/analise/" "Mozilla/5.0 (Windows NT 6.1; WOW64; rv:40.0) Gecko/20100101 Firefox/40.0"
10.1.2.103 - - [27/Aug/2015:11:01:35 -0300] "POST /saiku/rest/saiku/admin/query/BAAC4EAC-08BB-2DFD-8BA5-FE884FD6BFCF/axis/COLUMNS/dimension/%E2%93%89%20Per%C3%ADodo/hierarchy/%5B%E2%93%89%20Per%C3%ADodo%5D/%5B%E2%93%89%20Per%C3%ADodo%5D.%5BM%C3%AAs%5D HTTP/1.1" 201 - "http://10.210.5.50/analise/" "Mozilla/5.0 (Windows NT 6.1; WOW64; rv:40.0) Gecko/20100101 Firefox/40.0"
10.1.2.103 - - [27/Aug/2015:11:01:36 -0300] "GET /saiku/rest/saiku/admin/query/BAAC4EAC-08BB-2DFD-8BA5-FE884FD6BFCF/result/flattened?limit=0&_=1440684713820 HTTP/1.1" 200 3420 "http://10.210.5.50/analise/" "Mozilla/5.0 (Windows NT 6.1; WOW64; rv:40.0) Gecko/20100101 Firefox/40.0"
10.1.2.103 - - [27/Aug/2015:11:01:42 -0300] "DELETE /saiku/rest/saiku/admin/query/BAAC4EAC-08BB-2DFD-8BA5-FE884FD6BFCF/axis/COLUMNS/dimension/%E2%93%89%20Per%C3%ADodo/hierarchy/%5B%E2%93%89%20Per%C3%ADodo%5D/%5B%E2%93%89%20Per%C3%ADodo%5D.%5BM%C3%AAs%5D HTTP/1.1" 200 - "http://10.210.5.50/analise/" "Mozilla/5.0 (Windows NT 6.1; WOW64; rv:40.0) Gecko/20100101 Firefox/40.0"
10.1.2.103 - - [27/Aug/2015:11:01:42 -0300] "GET /saiku/rest/saiku/admin/query/BAAC4EAC-08BB-2DFD-8BA5-FE884FD6BFCF/result/flattened?limit=0&_=1440684720693 HTTP/1.1" 200 1033 "http://10.210.5.50/analise/" "Mozilla/5.0 (Windows NT 6.1; WOW64; rv:40.0) Gecko/20100101 Firefox/40.0"
10.1.2.103 - - [27/Aug/2015:11:01:44 -0300] "DELETE /saiku/rest/saiku/admin/query/BAAC4EAC-08BB-2DFD-8BA5-FE884FD6BFCF/axis/ROWS/dimension/Measures/member/%5BMeasures%5D.%5BFam%C3%ADlias%5D HTTP/1.1" 200 - "http://10.210.5.50/analise/" "Mozilla/5.0 (Windows NT 6.1; WOW64; rv:40.0) Gecko/20100101 Firefox/40.0"
10.1.2.103 - - [27/Aug/2015:11:01:47 -0300] "DELETE /saiku/rest/saiku/admin/query/BAAC4EAC-08BB-2DFD-8BA5-FE884FD6BFCF/axis/COLUMNS/dimension/Banheiro/hierarchy/%5BBanheiro%5D/%5BBanheiro%5D.%5BBanheiro%5D HTTP/1.1" 200 - "http://10.210.5.50/analise/" "Mozilla/5.0 (Windows NT 6.1; WOW64; rv:40.0) Gecko/20100101 Firefox/40.0"
10.1.2.102 - - [27/Aug/2015:11:02:01 -0300] "POST /saiku/rest/saiku/admin/query/29910F53-1541-77BE-9A83-EB62012B2359 HTTP/1.1" 200 1494 "http://10.210.5.50/analise/" "Mozilla/5.0 (Windows NT 6.1; WOW64; rv:40.0) Gecko/20100101 Firefox/40.0"
10.1.2.102 - - [27/Aug/2015:11:02:01 -0300] "GET /analise/images/src/bullet_red.png HTTP/1.1" 304 - "http://10.210.5.50/analise/css/saiku/src/styles.css" "Mozilla/5.0 (Windows NT 6.1; WOW64; rv:40.0) Gecko/20100101 Firefox/40.0"
10.1.2.103 - - [27/Aug/2015:11:04:04 -0300] "POST /saiku/rest/saiku/admin/query/6A48AE32-0C65-2CD1-A7F8-21D1938B1831 HTTP/1.1" 200 1572 "http://10.210.5.50/analise/" "Mozilla/5.0 (Windows NT 6.1; WOW64; rv:40.0) Gecko/20100101 Firefox/40.0"
10.1.2.103 - - [27/Aug/2015:11:04:04 -0300] "DELETE /saiku/rest/saiku/admin/query/BAAC4EAC-08BB-2DFD-8BA5-FE884FD6BFCF HTTP/1.1" 200 16 "http://10.210.5.50/analise/" "Mozilla/5.0 (Windows NT 6.1; WOW64; rv:40.0) Gecko/20100101 Firefox/40.0"
10.1.2.102 - - [27/Aug/2015:11:04:05 -0300] "POST /saiku/rest/saiku/admin/query/F8B09675-82E8-7A43-8992-C181AF28B9B8 HTTP/1.1" 200 1572 "http://10.210.5.50/analise/" "Mozilla/5.0 (Windows NT 6.1; WOW64; rv:40.0) Gecko/20100101 Firefox/40.0"
10.1.2.102 - - [27/Aug/2015:11:04:05 -0300] "DELETE /saiku/rest/saiku/admin/query/29910F53-1541-77BE-9A83-EB62012B2359 HTTP/1.1" 200 16 "http://10.210.5.50/analise/" "Mozilla/5.0 (Windows NT 6.1; WOW64; rv:40.0) Gecko/20100101 Firefox/40.0"
10.1.2.102 - - [27/Aug/2015:11:04:10 -0300] "GET /analise/images/src/bullet_blue.png HTTP/1.1" 304 - "http://10.210.5.50/analise/css/saiku/src/styles.css" "Mozilla/5.0 (Windows NT 6.1; WOW64; rv:40.0) Gecko/20100101 Firefox/40.0"
10.1.2.102 - - [27/Aug/2015:11:04:12 -0300] "GET /analise/images/src/sort_none.png HTTP/1.1" 304 - "http://10.210.5.50/analise/css/saiku/src/styles.css" "Mozilla/5.0 (Windows NT 6.1; WOW64; rv:40.0) Gecko/20100101 Firefox/40.0"
10.1.2.102 - - [27/Aug/2015:11:04:12 -0300] "GET /analise/images/src/cancel3.png HTTP/1.1" 304 - "http://10.210.5.50/analise/css/saiku/src/styles.css" "Mozilla/5.0 (Windows NT 6.1; WOW64; rv:40.0) Gecko/20100101 Firefox/40.0"
10.1.2.102 - - [27/Aug/2015:11:04:12 -0300] "POST /saiku/rest/saiku/admin/query/F8B09675-82E8-7A43-8992-C181AF28B9B8/axis/COLUMNS/dimension/%E2%80%A2%20%C3%81gua%20Canalizada/hierarchy/%5B%E2%80%A2%20%C3%81gua%20Canalizada%5D/%5B%E2%80%A2%20%C3%81gua%20Canalizada%5D.%5B%C3%81gua%20Canalizada%5D HTTP/1.1" 201 - "http://10.210.5.50/analise/" "Mozilla/5.0 (Windows NT 6.1; WOW64; rv:40.0) Gecko/20100101 Firefox/40.0"
10.1.2.102 - - [27/Aug/2015:11:04:28 -0300] "POST /saiku/rest/saiku/admin/query/F8B09675-82E8-7A43-8992-C181AF28B9B8/axis/COLUMNS/dimension/Measures/member/%5BMeasures%5D.%5BFam%C3%ADlias%5D HTTP/1.1" 201 - "http://10.210.5.50/analise/" "Mozilla/5.0 (Windows NT 6.1; WOW64; rv:40.0) Gecko/20100101 Firefox/40.0"
10.1.2.102 - - [27/Aug/2015:11:04:53 -0300] "POST /saiku/rest/saiku/admin/query/F8B09675-82E8-7A43-8992-C181AF28B9B8/axis/ROWS/dimension/Tipo%20de%20Escoamento%20Sanit%C3%A1rio/hierarchy/%5BTipo%20de%20Escoamento%20Sanit%C3%A1rio%5D/%5BTipo%20de%20Escoamento%20Sanit%C3%A1rio%5D.%5BTipo%20de%20Escoamento%20Sanit%C3%A1rio%5D HTTP/1.1" 201 - "http://10.210.5.50/analise/" "Mozilla/5.0 (Windows NT 6.1; WOW64; rv:40.0) Gecko/20100101 Firefox/40.0"
10.1.2.102 - - [27/Aug/2015:11:04:54 -0300] "GET /saiku/rest/saiku/admin/query/F8B09675-82E8-7A43-8992-C181AF28B9B8/result/flattened?limit=0&_=1440684912068 HTTP/1.1" 200 4239 "http://10.210.5.50/analise/" "Mozilla/5.0 (Windows NT 6.1; WOW64; rv:40.0) Gecko/20100101 Firefox/40.0"
10.1.2.103 - - [27/Aug/2015:11:04:56 -0300] "POST /saiku/rest/saiku/admin/query/6A48AE32-0C65-2CD1-A7F8-21D1938B1831/axis/COLUMNS/dimension/Tipo%20de%20Escoamento%20Sanit%C3%A1rio/hierarchy/%5BTipo%20de%20Escoamento%20Sanit%C3%A1rio%5D/%5BTipo%20de%20Escoamento%20Sanit%C3%A1rio%5D.%5BTipo%20de%20Escoamento%20Sanit%C3%A1rio%5D HTTP/1.1" 201 - "http://10.210.5.50/analise/" "Mozilla/5.0 (Windows NT 6.1; WOW64; rv:40.0) Gecko/20100101 Firefox/40.0"
10.1.2.102 - - [27/Aug/2015:11:04:59 -0300] "POST /saiku/rest/saiku/admin/query/F8B09675-82E8-7A43-8992-C181AF28B9B8/axis/ROWS/sort/BASC/%5BTipo%20de%20Escoamento%20Sanit%C3%A1rio%5D.CurrentMember.Name HTTP/1.1" 204 - "http://10.210.5.50/analise/" "Mozilla/5.0 (Windows NT 6.1; WOW64; rv:40.0) Gecko/20100101 Firefox/40.0"
10.1.2.102 - - [27/Aug/2015:11:04:59 -0300] "GET /analise/images/src/sort_up.png HTTP/1.1" 200 257 "http://10.210.5.50/analise/css/saiku/src/styles.css" "Mozilla/5.0 (Windows NT 6.1; WOW64; rv:40.0) Gecko/20100101 Firefox/40.0"
10.1.2.102 - - [27/Aug/2015:11:04:59 -0300] "GET /saiku/rest/saiku/admin/query/F8B09675-82E8-7A43-8992-C181AF28B9B8/result/flattened?limit=0&_=1440684917972 HTTP/1.1" 200 4238 "http://10.210.5.50/analise/" "Mozilla/5.0 (Windows NT 6.1; WOW64; rv:40.0) Gecko/20100101 Firefox/40.0"
10.1.2.103 - - [27/Aug/2015:11:05:15 -0300] "POST /saiku/rest/saiku/admin/query/6A48AE32-0C65-2CD1-A7F8-21D1938B1831/axis/ROWS/dimension/Tipo%20de%20Escoamento%20Sanit%C3%A1rio HTTP/1.1" 200 - "http://10.210.5.50/analise/" "Mozilla/5.0 (Windows NT 6.1; WOW64; rv:40.0) Gecko/20100101 Firefox/40.0"
10.1.2.103 - - [27/Aug/2015:11:05:16 -0300] "POST /saiku/rest/saiku/admin/query/6A48AE32-0C65-2CD1-A7F8-21D1938B1831/axis/COLUMNS/dimension/Tipo%20de%20Escoamento%20Sanit%C3%A1rio HTTP/1.1" 200 - "http://10.210.5.50/analise/" "Mozilla/5.0 (Windows NT 6.1; WOW64; rv:40.0) Gecko/20100101 Firefox/40.0"
10.1.2.103 - - [27/Aug/2015:11:05:37 -0300] "POST /saiku/rest/saiku/admin/query/6A48AE32-0C65-2CD1-A7F8-21D1938B1831/axis/COLUMNS/dimension/Tipo%20de%20Escoamento%20Sanit%C3%A1rio HTTP/1.1" 200 - "http://10.210.5.50/analise/" "Mozilla/5.0 (Windows NT 6.1; WOW64; rv:40.0) Gecko/20100101 Firefox/40.0"
10.1.2.103 - - [27/Aug/2015:11:05:38 -0300] "POST /saiku/rest/saiku/admin/query/6A48AE32-0C65-2CD1-A7F8-21D1938B1831/axis/COLUMNS/dimension/Tipo%20de%20Escoamento%20Sanit%C3%A1rio HTTP/1.1" 200 - "http://10.210.5.50/analise/" "Mozilla/5.0 (Windows NT 6.1; WOW64; rv:40.0) Gecko/20100101 Firefox/40.0"
10.1.2.102 - - [27/Aug/2015:11:05:41 -0300] "POST /saiku/rest/saiku/admin/query/F8B09675-82E8-7A43-8992-C181AF28B9B8/axis/COLUMNS/sort/BASC/%5B%E2%80%A2%20%C3%81gua%20Canalizada%5D.CurrentMember.Name HTTP/1.1" 204 - "http://10.210.5.50/analise/" "Mozilla/5.0 (Windows NT 6.1; WOW64; rv:40.0) Gecko/20100101 Firefox/40.0"
10.1.2.102 - - [27/Aug/2015:11:05:42 -0300] "GET /saiku/rest/saiku/admin/query/F8B09675-82E8-7A43-8992-C181AF28B9B8/result/flattened?limit=0&_=1440684960156 HTTP/1.1" 200 4238 "http://10.210.5.50/analise/" "Mozilla/5.0 (Windows NT 6.1; WOW64; rv:40.0) Gecko/20100101 Firefox/40.0"
10.1.2.102 - - [27/Aug/2015:11:05:43 -0300] "POST /saiku/rest/saiku/admin/query/F8B09675-82E8-7A43-8992-C181AF28B9B8/axis/COLUMNS/sort/BDESC/%5B%E2%80%A2%20%C3%81gua%20Canalizada%5D.CurrentMember.Name HTTP/1.1" 204 - "http://10.210.5.50/analise/" "Mozilla/5.0 (Windows NT 6.1; WOW64; rv:40.0) Gecko/20100101 Firefox/40.0"
10.1.2.102 - - [27/Aug/2015:11:05:43 -0300] "GET /analise/images/src/sort_down.png HTTP/1.1" 200 207 "http://10.210.5.50/analise/css/saiku/src/styles.css" "Mozilla/5.0 (Windows NT 6.1; WOW64; rv:40.0) Gecko/20100101 Firefox/40.0"
10.1.2.102 - - [27/Aug/2015:11:05:43 -0300] "GET /saiku/rest/saiku/admin/query/F8B09675-82E8-7A43-8992-C181AF28B9B8/result/flattened?limit=0&_=1440684961773 HTTP/1.1" 200 4238 "http://10.210.5.50/analise/" "Mozilla/5.0 (Windows NT 6.1; WOW64; rv:40.0) Gecko/20100101 Firefox/40.0"
10.1.2.102 - - [27/Aug/2015:11:05:44 -0300] "GET /analise/images/chart/trendline.png HTTP/1.1" 200 939 "http://10.210.5.50/analise/css/saiku/src/styles.css" "Mozilla/5.0 (Windows NT 6.1; WOW64; rv:40.0) Gecko/20100101 Firefox/40.0"
10.1.2.102 - - [27/Aug/2015:11:05:48 -0300] "POST /saiku/rest/saiku/admin/query/F8B09675-82E8-7A43-8992-C181AF28B9B8/axis/COLUMNS/dimension/Tipo%20de%20Escoamento%20Sanit%C3%A1rio HTTP/1.1" 200 - "http://10.210.5.50/analise/" "Mozilla/5.0 (Windows NT 6.1; WOW64; rv:40.0) Gecko/20100101 Firefox/40.0"
10.1.2.103 - - [27/Aug/2015:11:05:48 -0300] "POST /saiku/rest/saiku/admin/query/6A48AE32-0C65-2CD1-A7F8-21D1938B1831/axis/COLUMNS/dimension/Tipo%20de%20Escoamento%20Sanit%C3%A1rio HTTP/1.1" 200 - "http://10.210.5.50/analise/" "Mozilla/5.0 (Windows NT 6.1; WOW64; rv:40.0) Gecko/20100101 Firefox/40.0"
10.1.2.102 - - [27/Aug/2015:11:05:49 -0300] "DELETE /saiku/rest/saiku/admin/query/F8B09675-82E8-7A43-8992-C181AF28B9B8/axis/COLUMNS/sort/ HTTP/1.1" 204 - "http://10.210.5.50/analise/" "Mozilla/5.0 (Windows NT 6.1; WOW64; rv:40.0) Gecko/20100101 Firefox/40.0"
10.1.2.103 - - [27/Aug/2015:11:05:50 -0300] "POST /saiku/rest/saiku/admin/query/6A48AE32-0C65-2CD1-A7F8-21D1938B1831/axis/ROWS/dimension/Measures/member/%5BMeasures%5D.%5BFam%C3%ADlias%5D HTTP/1.1" 201 - "http://10.210.5.50/analise/" "Mozilla/5.0 (Windows NT 6.1; WOW64; rv:40.0) Gecko/20100101 Firefox/40.0"
10.1.2.103 - - [27/Aug/2015:11:05:50 -0300] "GET /saiku/rest/saiku/admin/query/6A48AE32-0C65-2CD1-A7F8-21D1938B1831/result/flattened?limit=0&_=1440684968871 HTTP/1.1" 200 2881 "http://10.210.5.50/analise/" "Mozilla/5.0 (Windows NT 6.1; WOW64; rv:40.0) Gecko/20100101 Firefox/40.0"
10.1.2.102 - - [27/Aug/2015:11:05:53 -0300] "GET /saiku/rest/saiku/admin/query/F8B09675-82E8-7A43-8992-C181AF28B9B8/result/metadata/dimensions/%E2%80%A2%20%C3%81gua%20Canalizada/hierarchies/%5B%E2%80%A2%20%C3%81gua%20Canalizada%5D/levels/%5B%E2%80%A2%20%C3%81gua%20Canalizada%5D.%5B%C3%81gua%20Canalizada%5D?result=true&_=1440684971417 HTTP/1.1" 200 639 "http://10.210.5.50/analise/" "Mozilla/5.0 (Windows NT 6.1; WOW64; rv:40.0) Gecko/20100101 Firefox/40.0"
10.1.2.102 - - [27/Aug/2015:11:05:53 -0300] "GET /saiku/rest/saiku/admin/query/F8B09675-82E8-7A43-8992-C181AF28B9B8/axis/COLUMNS/dimension/%E2%80%A2%20%C3%81gua%20Canalizada?_=1440684971521 HTTP/1.1" 200 450 "http://10.210.5.50/analise/" "Mozilla/5.0 (Windows NT 6.1; WOW64; rv:40.0) Gecko/20100101 Firefox/40.0"
10.1.2.102 - - [27/Aug/2015:11:05:53 -0300] "GET /analise/css/jquery/images/ui-bg_flat_75_ffffff_40x100.png HTTP/1.1" 304 - "http://10.210.5.50/analise/css/jquery/jquery-ui.css" "Mozilla/5.0 (Windows NT 6.1; WOW64; rv:40.0) Gecko/20100101 Firefox/40.0"
10.1.2.102 - - [27/Aug/2015:11:05:59 -0300] "DELETE /saiku/rest/saiku/admin/query/F8B09675-82E8-7A43-8992-C181AF28B9B8/axis/COLUMNS/dimension/%E2%80%A2%20%C3%81gua%20Canalizada/hierarchy/%5B%E2%80%A2%20%C3%81gua%20Canalizada%5D/%5B%E2%80%A2%20%C3%81gua%20Canalizada%5D.%5B%C3%81gua%20Canalizada%5D HTTP/1.1" 200 - "http://10.210.5.50/analise/" "Mozilla/5.0 (Windows NT 6.1; WOW64; rv:40.0) Gecko/20100101 Firefox/40.0"
10.1.2.102 - - [27/Aug/2015:11:06:01 -0300] "POST /saiku/rest/saiku/admin/query/F8B09675-82E8-7A43-8992-C181AF28B9B8/axis/ROWS/dimension/Measures HTTP/1.1" 200 - "http://10.210.5.50/analise/" "Mozilla/5.0 (Windows NT 6.1; WOW64; rv:40.0) Gecko/20100101 Firefox/40.0"
10.1.2.102 - - [27/Aug/2015:11:06:01 -0300] "GET /saiku/rest/saiku/admin/query/F8B09675-82E8-7A43-8992-C181AF28B9B8/result/flattened?limit=0&_=1440684979280 HTTP/1.1" 200 2880 "http://10.210.5.50/analise/" "Mozilla/5.0 (Windows NT 6.1; WOW64; rv:40.0) Gecko/20100101 Firefox/40.0"
10.1.2.103 - - [27/Aug/2015:11:07:13 -0300] "DELETE /saiku/rest/saiku/admin/query/6A48AE32-0C65-2CD1-A7F8-21D1938B1831 HTTP/1.1" 200 16 "http://10.210.5.50/analise/" "Mozilla/5.0 (Windows NT 6.1; WOW64; rv:40.0) Gecko/20100101 Firefox/40.0"
10.1.2.103 - - [27/Aug/2015:11:07:13 -0300] "POST /saiku/rest/saiku/admin/query/3713AEFF-E7B8-DB23-A191-15AA05E8EDBC HTTP/1.1" 200 1590 "http://10.210.5.50/analise/" "Mozilla/5.0 (Windows NT 6.1; WOW64; rv:40.0) Gecko/20100101 Firefox/40.0"
10.1.2.102 - - [27/Aug/2015:11:07:15 -0300] "DELETE /saiku/rest/saiku/admin/query/F8B09675-82E8-7A43-8992-C181AF28B9B8 HTTP/1.1" 200 16 "http://10.210.5.50/analise/" "Mozilla/5.0 (Windows NT 6.1; WOW64; rv:40.0) Gecko/20100101 Firefox/40.0"
10.1.2.102 - - [27/Aug/2015:11:07:15 -0300] "POST /saiku/rest/saiku/admin/query/EE552613-61A8-9233-A189-06FD6730B208 HTTP/1.1" 200 1590 "http://10.210.5.50/analise/" "Mozilla/5.0 (Windows NT 6.1; WOW64; rv:40.0) Gecko/20100101 Firefox/40.0"
10.1.2.103 - - [27/Aug/2015:11:07:23 -0300] "POST /saiku/rest/saiku/admin/query/3713AEFF-E7B8-DB23-A191-15AA05E8EDBC/axis/COLUMNS/dimension/Tipo%20de%20Escoamento%20Sanit%C3%A1rio/hierarchy/%5BTipo%20de%20Escoamento%20Sanit%C3%A1rio%5D/%5BTipo%20de%20Escoamento%20Sanit%C3%A1rio%5D.%5BTipo%20de%20Escoamento%20Sanit%C3%A1rio%5D HTTP/1.1" 201 - "http://10.210.5.50/analise/" "Mozilla/5.0 (Windows NT 6.1; WOW64; rv:40.0) Gecko/20100101 Firefox/40.0"
10.1.2.102 - - [27/Aug/2015:11:07:26 -0300] "POST /saiku/rest/saiku/admin/query/EE552613-61A8-9233-A189-06FD6730B208/axis/COLUMNS/dimension/Tipo%20de%20Escoamento%20Sanit%C3%A1rio/hierarchy/%5BTipo%20de%20Escoamento%20Sanit%C3%A1rio%5D/%5BTipo%20de%20Escoamento%20Sanit%C3%A1rio%5D.%5BTipo%20de%20Escoamento%20Sanit%C3%A1rio%5D HTTP/1.1" 201 - "http://10.210.5.50/analise/" "Mozilla/5.0 (Windows NT 6.1; WOW64; rv:40.0) Gecko/20100101 Firefox/40.0"
10.1.2.103 - - [27/Aug/2015:11:07:29 -0300] "POST /saiku/rest/saiku/admin/query/3713AEFF-E7B8-DB23-A191-15AA05E8EDBC/axis/ROWS/dimension/Measures/member/%5BMeasures%5D.%5BFam%C3%ADlias%5D HTTP/1.1" 201 - "http://10.210.5.50/analise/" "Mozilla/5.0 (Windows NT 6.1; WOW64; rv:40.0) Gecko/20100101 Firefox/40.0"
10.1.2.103 - - [27/Aug/2015:11:07:29 -0300] "GET /saiku/rest/saiku/admin/query/3713AEFF-E7B8-DB23-A191-15AA05E8EDBC/result/flattened?limit=0&_=1440685067407 HTTP/1.1" 200 2891 "http://10.210.5.50/analise/" "Mozilla/5.0 (Windows NT 6.1; WOW64; rv:40.0) Gecko/20100101 Firefox/40.0"
10.1.2.102 - - [27/Aug/2015:11:07:30 -0300] "POST /saiku/rest/saiku/admin/query/EE552613-61A8-9233-A189-06FD6730B208/axis/ROWS/dimension/Measures/member/%5BMeasures%5D.%5BFam%C3%ADlias%5D HTTP/1.1" 201 - "http://10.210.5.50/analise/" "Mozilla/5.0 (Windows NT 6.1; WOW64; rv:40.0) Gecko/20100101 Firefox/40.0"
10.1.2.102 - - [27/Aug/2015:11:07:31 -0300] "GET /saiku/rest/saiku/admin/query/EE552613-61A8-9233-A189-06FD6730B208/result/flattened?limit=0&_=1440685069110 HTTP/1.1" 200 2889 "http://10.210.5.50/analise/" "Mozilla/5.0 (Windows NT 6.1; WOW64; rv:40.0) Gecko/20100101 Firefox/40.0"
10.1.2.103 - - [27/Aug/2015:11:07:54 -0300] "POST /saiku/rest/saiku/admin/query/3713AEFF-E7B8-DB23-A191-15AA05E8EDBC/axis/COLUMNS/dimension/%E2%93%89%20Per%C3%ADodo/hierarchy/%5B%E2%93%89%20Per%C3%ADodo%5D/%5B%E2%93%89%20Per%C3%ADodo%5D.%5BM%C3%AAs%5D HTTP/1.1" 201 - "http://10.210.5.50/analise/" "Mozilla/5.0 (Windows NT 6.1; WOW64; rv:40.0) Gecko/20100101 Firefox/40.0"
10.1.2.103 - - [27/Aug/2015:11:07:55 -0300] "GET /saiku/rest/saiku/admin/query/3713AEFF-E7B8-DB23-A191-15AA05E8EDBC/result/flattened?limit=0&_=1440685092604 HTTP/1.1" 200 11157 "http://10.210.5.50/analise/" "Mozilla/5.0 (Windows NT 6.1; WOW64; rv:40.0) Gecko/20100101 Firefox/40.0"
10.1.2.103 - - [27/Aug/2015:11:07:58 -0300] "POST /saiku/rest/saiku/admin/query/3713AEFF-E7B8-DB23-A191-15AA05E8EDBC/axis/ROWS/dimension/%E2%93%89%20Per%C3%ADodo HTTP/1.1" 200 - "http://10.210.5.50/analise/" "Mozilla/5.0 (Windows NT 6.1; WOW64; rv:40.0) Gecko/20100101 Firefox/40.0"
10.1.2.103 - - [27/Aug/2015:11:07:58 -0300] "GET /saiku/rest/saiku/admin/query/3713AEFF-E7B8-DB23-A191-15AA05E8EDBC/result/flattened?limit=0&_=1440685096248 HTTP/1.1" 200 4682 "http://10.210.5.50/analise/" "Mozilla/5.0 (Windows NT 6.1; WOW64; rv:40.0) Gecko/20100101 Firefox/40.0"
10.1.2.103 - - [27/Aug/2015:11:08:00 -0300] "POST /saiku/rest/saiku/admin/query/3713AEFF-E7B8-DB23-A191-15AA05E8EDBC/axis/COLUMNS/dimension/%E2%93%89%20Per%C3%ADodo HTTP/1.1" 200 - "http://10.210.5.50/analise/" "Mozilla/5.0 (Windows NT 6.1; WOW64; rv:40.0) Gecko/20100101 Firefox/40.0"
10.1.2.103 - - [27/Aug/2015:11:08:00 -0300] "GET /saiku/rest/saiku/admin/query/3713AEFF-E7B8-DB23-A191-15AA05E8EDBC/result/flattened?limit=0&_=1440685099030 HTTP/1.1" 200 11156 "http://10.210.5.50/analise/" "Mozilla/5.0 (Windows NT 6.1; WOW64; rv:40.0) Gecko/20100101 Firefox/40.0"
10.1.2.102 - - [27/Aug/2015:11:08:02 -0300] "POST /saiku/rest/saiku/admin/query/EE552613-61A8-9233-A189-06FD6730B208/axis/COLUMNS/dimension/%E2%93%89%20Per%C3%ADodo/hierarchy/%5B%E2%93%89%20Per%C3%ADodo%5D/%5B%E2%93%89%20Per%C3%ADodo%5D.%5BM%C3%AAs%5D HTTP/1.1" 201 - "http://10.210.5.50/analise/" "Mozilla/5.0 (Windows NT 6.1; WOW64; rv:40.0) Gecko/20100101 Firefox/40.0"
10.1.2.102 - - [27/Aug/2015:11:08:02 -0300] "GET /saiku/rest/saiku/admin/query/EE552613-61A8-9233-A189-06FD6730B208/result/flattened?limit=0&_=1440685101076 HTTP/1.1" 200 11156 "http://10.210.5.50/analise/" "Mozilla/5.0 (Windows NT 6.1; WOW64; rv:40.0) Gecko/20100101 Firefox/40.0"
10.1.2.103 - - [27/Aug/2015:11:08:11 -0300] "POST /saiku/rest/saiku/admin/query/3713AEFF-E7B8-DB23-A191-15AA05E8EDBC/axis/COLUMNS/dimension/%E2%93%89%20Per%C3%ADodo/hierarchy/%5B%E2%93%89%20Per%C3%ADodo%5D/%5B%E2%93%89%20Per%C3%ADodo%5D.%5BAno%5D HTTP/1.1" 201 - "http://10.210.5.50/analise/" "Mozilla/5.0 (Windows NT 6.1; WOW64; rv:40.0) Gecko/20100101 Firefox/40.0"
10.1.2.103 - - [27/Aug/2015:11:08:12 -0300] "GET /saiku/rest/saiku/admin/query/3713AEFF-E7B8-DB23-A191-15AA05E8EDBC/result/flattened?limit=0&_=1440685110037 HTTP/1.1" 200 14441 "http://10.210.5.50/analise/" "Mozilla/5.0 (Windows NT 6.1; WOW64; rv:40.0) Gecko/20100101 Firefox/40.0"
10.1.2.102 - - [27/Aug/2015:11:08:20 -0300] "DELETE /saiku/rest/saiku/admin/query/EE552613-61A8-9233-A189-06FD6730B208/axis/COLUMNS/dimension/%E2%93%89%20Per%C3%ADodo/hierarchy/%5B%E2%93%89%20Per%C3%ADodo%5D/%5B%E2%93%89%20Per%C3%ADodo%5D.%5BM%C3%AAs%5D HTTP/1.1" 200 - "http://10.210.5.50/analise/" "Mozilla/5.0 (Windows NT 6.1; WOW64; rv:40.0) Gecko/20100101 Firefox/40.0"
10.1.2.102 - - [27/Aug/2015:11:08:20 -0300] "GET /saiku/rest/saiku/admin/query/EE552613-61A8-9233-A189-06FD6730B208/result/flattened?limit=0&_=1440685118493 HTTP/1.1" 200 2889 "http://10.210.5.50/analise/" "Mozilla/5.0 (Windows NT 6.1; WOW64; rv:40.0) Gecko/20100101 Firefox/40.0"
10.1.2.102 - - [27/Aug/2015:11:08:22 -0300] "POST /saiku/rest/saiku/admin/query/EE552613-61A8-9233-A189-06FD6730B208/axis/COLUMNS/dimension/%E2%93%89%20Per%C3%ADodo/hierarchy/%5B%E2%93%89%20Per%C3%ADodo%5D/%5B%E2%93%89%20Per%C3%ADodo%5D.%5BAno%5D HTTP/1.1" 201 - "http://10.210.5.50/analise/" "Mozilla/5.0 (Windows NT 6.1; WOW64; rv:40.0) Gecko/20100101 Firefox/40.0"
10.1.2.102 - - [27/Aug/2015:11:08:22 -0300] "GET /saiku/rest/saiku/admin/query/EE552613-61A8-9233-A189-06FD6730B208/result/flattened?limit=0&_=1440685120435 HTTP/1.1" 200 4022 "http://10.210.5.50/analise/" "Mozilla/5.0 (Windows NT 6.1; WOW64; rv:40.0) Gecko/20100101 Firefox/40.0"
10.1.2.102 - - [27/Aug/2015:11:08:50 -0300] "DELETE /saiku/rest/saiku/admin/query/EE552613-61A8-9233-A189-06FD6730B208/axis/COLUMNS/dimension/%E2%93%89%20Per%C3%ADodo/hierarchy/%5B%E2%93%89%20Per%C3%ADodo%5D/%5B%E2%93%89%20Per%C3%ADodo%5D.%5BAno%5D HTTP/1.1" 200 - "http://10.210.5.50/analise/" "Mozilla/5.0 (Windows NT 6.1; WOW64; rv:40.0) Gecko/20100101 Firefox/40.0"
10.1.2.102 - - [27/Aug/2015:11:08:50 -0300] "GET /saiku/rest/saiku/admin/query/EE552613-61A8-9233-A189-06FD6730B208/result/flattened?limit=0&_=1440685148813 HTTP/1.1" 200 2889 "http://10.210.5.50/analise/" "Mozilla/5.0 (Windows NT 6.1; WOW64; rv:40.0) Gecko/20100101 Firefox/40.0"
10.1.2.102 - - [27/Aug/2015:11:08:53 -0300] "POST /saiku/rest/saiku/admin/query/EE552613-61A8-9233-A189-06FD6730B208/axis/COLUMNS/dimension/%E2%93%89%20Per%C3%ADodo/hierarchy/%5B%E2%93%89%20Per%C3%ADodo%5D/%5B%E2%93%89%20Per%C3%ADodo%5D.%5BM%C3%AAs%5D HTTP/1.1" 201 - "http://10.210.5.50/analise/" "Mozilla/5.0 (Windows NT 6.1; WOW64; rv:40.0) Gecko/20100101 Firefox/40.0"
10.1.2.102 - - [27/Aug/2015:11:08:53 -0300] "GET /saiku/rest/saiku/admin/query/EE552613-61A8-9233-A189-06FD6730B208/result/flattened?limit=0&_=1440685152064 HTTP/1.1" 200 11156 "http://10.210.5.50/analise/" "Mozilla/5.0 (Windows NT 6.1; WOW64; rv:40.0) Gecko/20100101 Firefox/40.0"
10.1.2.102 - - [27/Aug/2015:11:08:56 -0300] "POST /saiku/rest/saiku/admin/query/EE552613-61A8-9233-A189-06FD6730B208/axis/COLUMNS/dimension/%E2%93%89%20Per%C3%ADodo/hierarchy/%5B%E2%93%89%20Per%C3%ADodo%5D/%5B%E2%93%89%20Per%C3%ADodo%5D.%5BAno%5D HTTP/1.1" 201 - "http://10.210.5.50/analise/" "Mozilla/5.0 (Windows NT 6.1; WOW64; rv:40.0) Gecko/20100101 Firefox/40.0"
10.1.2.102 - - [27/Aug/2015:11:08:56 -0300] "GET /saiku/rest/saiku/admin/query/EE552613-61A8-9233-A189-06FD6730B208/result/flattened?limit=0&_=1440685154375 HTTP/1.1" 200 14440 "http://10.210.5.50/analise/" "Mozilla/5.0 (Windows NT 6.1; WOW64; rv:40.0) Gecko/20100101 Firefox/40.0"
10.1.2.103 - - [27/Aug/2015:11:09:07 -0300] "DELETE /saiku/rest/saiku/admin/query/3713AEFF-E7B8-DB23-A191-15AA05E8EDBC HTTP/1.1" 200 16 "http://10.210.5.50/analise/" "Mozilla/5.0 (Windows NT 6.1; WOW64; rv:40.0) Gecko/20100101 Firefox/40.0"
10.1.2.103 - - [27/Aug/2015:11:09:07 -0300] "POST /saiku/rest/saiku/admin/query/6C96C6D8-8E09-00EB-877B-29B89DD1899C HTTP/1.1" 200 1572 "http://10.210.5.50/analise/" "Mozilla/5.0 (Windows NT 6.1; WOW64; rv:40.0) Gecko/20100101 Firefox/40.0"
10.1.2.103 - - [27/Aug/2015:11:09:11 -0300] "POST /saiku/rest/saiku/admin/query/6C96C6D8-8E09-00EB-877B-29B89DD1899C/axis/ROWS/dimension/Measures/member/%5BMeasures%5D.%5BFam%C3%ADlias%5D HTTP/1.1" 201 - "http://10.210.5.50/analise/" "Mozilla/5.0 (Windows NT 6.1; WOW64; rv:40.0) Gecko/20100101 Firefox/40.0"
10.1.2.103 - - [27/Aug/2015:11:09:16 -0300] "POST /saiku/rest/saiku/admin/query/6C96C6D8-8E09-00EB-877B-29B89DD1899C/axis/COLUMNS/dimension/Tipo%20de%20Escoamento%20Sanit%C3%A1rio/hierarchy/%5BTipo%20de%20Escoamento%20Sanit%C3%A1rio%5D/%5BTipo%20de%20Escoamento%20Sanit%C3%A1rio%5D.%5BTipo%20de%20Escoamento%20Sanit%C3%A1rio%5D HTTP/1.1" 201 - "http://10.210.5.50/analise/" "Mozilla/5.0 (Windows NT 6.1; WOW64; rv:40.0) Gecko/20100101 Firefox/40.0"
10.1.2.103 - - [27/Aug/2015:11:09:16 -0300] "GET /saiku/rest/saiku/admin/query/6C96C6D8-8E09-00EB-877B-29B89DD1899C/result/flattened?limit=0&_=1440685174571 HTTP/1.1" 200 2880 "http://10.210.5.50/analise/" "Mozilla/5.0 (Windows NT 6.1; WOW64; rv:40.0) Gecko/20100101 Firefox/40.0"
10.1.2.102 - - [27/Aug/2015:11:09:17 -0300] "DELETE /saiku/rest/saiku/admin/query/EE552613-61A8-9233-A189-06FD6730B208 HTTP/1.1" 200 16 "http://10.210.5.50/analise/" "Mozilla/5.0 (Windows NT 6.1; WOW64; rv:40.0) Gecko/20100101 Firefox/40.0"
10.1.2.102 - - [27/Aug/2015:11:09:17 -0300] "POST /saiku/rest/saiku/admin/query/5BB82F19-63BE-9C49-8050-702C82E075CE HTTP/1.1" 200 1572 "http://10.210.5.50/analise/" "Mozilla/5.0 (Windows NT 6.1; WOW64; rv:40.0) Gecko/20100101 Firefox/40.0"
10.1.2.102 - - [27/Aug/2015:11:09:26 -0300] "POST /saiku/rest/saiku/admin/query/5BB82F19-63BE-9C49-8050-702C82E075CE/axis/COLUMNS/dimension/Tipo%20de%20Escoamento%20Sanit%C3%A1rio/hierarchy/%5BTipo%20de%20Escoamento%20Sanit%C3%A1rio%5D/%5BTipo%20de%20Escoamento%20Sanit%C3%A1rio%5D.%5BTipo%20de%20Escoamento%20Sanit%C3%A1rio%5D HTTP/1.1" 201 - "http://10.210.5.50/analise/" "Mozilla/5.0 (Windows NT 6.1; WOW64; rv:40.0) Gecko/20100101 Firefox/40.0"
10.1.2.102 - - [27/Aug/2015:11:09:31 -0300] "POST /saiku/rest/saiku/admin/query/5BB82F19-63BE-9C49-8050-702C82E075CE/axis/ROWS/dimension/Measures/member/%5BMeasures%5D.%5BFam%C3%ADlias%5D HTTP/1.1" 201 - "http://10.210.5.50/analise/" "Mozilla/5.0 (Windows NT 6.1; WOW64; rv:40.0) Gecko/20100101 Firefox/40.0"
10.1.2.102 - - [27/Aug/2015:11:09:31 -0300] "GET /saiku/rest/saiku/admin/query/5BB82F19-63BE-9C49-8050-702C82E075CE/result/flattened?limit=0&_=1440685189943 HTTP/1.1" 200 2880 "http://10.210.5.50/analise/" "Mozilla/5.0 (Windows NT 6.1; WOW64; rv:40.0) Gecko/20100101 Firefox/40.0"
10.1.2.102 - - [27/Aug/2015:11:22:34 -0300] "GET /paineis/pbq/index.vm?eixo=1 HTTP/1.1" 200 361173 "http://10.210.5.50/" "Mozilla/5.0 (Windows NT 6.1; WOW64; rv:40.0) Gecko/20100101 Firefox/40.0"
10.1.2.102 - - [27/Aug/2015:11:22:34 -0300] "GET /paineis/css/smoothness/jquery-ui-1.10.3.custom.css HTTP/1.1" 200 32046 "http://10.210.5.50/paineis/pbq/index.vm?eixo=1" "Mozilla/5.0 (Windows NT 6.1; WOW64; rv:40.0) Gecko/20100101 Firefox/40.0"
10.1.2.102 - - [27/Aug/2015:11:22:34 -0300] "GET /paineis/css/alertify.default.css HTTP/1.1" 200 2552 "http://10.210.5.50/paineis/pbq/index.vm?eixo=1" "Mozilla/5.0 (Windows NT 6.1; WOW64; rv:40.0) Gecko/20100101 Firefox/40.0"
10.1.2.102 - - [27/Aug/2015:11:22:34 -0300] "GET /paineis/css/iconmenu.css HTTP/1.1" 200 3043 "http://10.210.5.50/paineis/pbq/index.vm?eixo=1" "Mozilla/5.0 (Windows NT 6.1; WOW64; rv:40.0) Gecko/20100101 Firefox/40.0"
10.1.2.102 - - [27/Aug/2015:11:22:34 -0300] "GET /paineis/css/dataTables.css HTTP/1.1" 200 4616 "http://10.210.5.50/paineis/pbq/index.vm?eixo=1" "Mozilla/5.0 (Windows NT 6.1; WOW64; rv:40.0) Gecko/20100101 Firefox/40.0"
10.1.2.102 - - [27/Aug/2015:11:22:34 -0300] "GET /paineis/css/alertify.core.css HTTP/1.1" 200 3609 "http://10.210.5.50/paineis/pbq/index.vm?eixo=1" "Mozilla/5.0 (Windows NT 6.1; WOW64; rv:40.0) Gecko/20100101 Firefox/40.0"
10.1.2.102 - - [27/Aug/2015:11:22:34 -0300] "GET /paineis/css/colorbrewer/colorbrewer.css HTTP/1.1" 200 46743 "http://10.210.5.50/paineis/pbq/index.vm?eixo=1" "Mozilla/5.0 (Windows NT 6.1; WOW64; rv:40.0) Gecko/20100101 Firefox/40.0"
10.1.2.102 - - [27/Aug/2015:11:22:34 -0300] "GET /paineis/font-awesome/css/font-awesome.css HTTP/1.1" 200 27232 "http://10.210.5.50/paineis/pbq/index.vm?eixo=1" "Mozilla/5.0 (Windows NT 6.1; WOW64; rv:40.0) Gecko/20100101 Firefox/40.0"
10.1.2.102 - - [27/Aug/2015:11:22:34 -0300] "GET /paineis/js/queue.min.js HTTP/1.1" 200 613 "http://10.210.5.50/paineis/pbq/index.vm?eixo=1" "Mozilla/5.0 (Windows NT 6.1; WOW64; rv:40.0) Gecko/20100101 Firefox/40.0"
10.1.2.102 - - [27/Aug/2015:11:22:34 -0300] "GET /paineis/js/modules/exporting.js HTTP/1.1" 200 7123 "http://10.210.5.50/paineis/pbq/index.vm?eixo=1" "Mozilla/5.0 (Windows NT 6.1; WOW64; rv:40.0) Gecko/20100101 Firefox/40.0"
10.1.2.102 - - [27/Aug/2015:11:22:34 -0300] "GET /paineis/js/lib/iconmenu.js HTTP/1.1" 200 6502 "http://10.210.5.50/paineis/pbq/index.vm?eixo=1" "Mozilla/5.0 (Windows NT 6.1; WOW64; rv:40.0) Gecko/20100101 Firefox/40.0"
10.1.2.102 - - [27/Aug/2015:11:22:34 -0300] "GET /paineis/js/lib/alertify.min.js HTTP/1.1" 200 7454 "http://10.210.5.50/paineis/pbq/index.vm?eixo=1" "Mozilla/5.0 (Windows NT 6.1; WOW64; rv:40.0) Gecko/20100101 Firefox/40.0"
10.1.2.102 - - [27/Aug/2015:11:22:34 -0300] "GET /paineis/js/highcharts-more.js HTTP/1.1" 200 22490 "http://10.210.5.50/paineis/pbq/index.vm?eixo=1" "Mozilla/5.0 (Windows NT 6.1; WOW64; rv:40.0) Gecko/20100101 Firefox/40.0"
10.1.2.102 - - [27/Aug/2015:11:22:34 -0300] "GET /paineis/js/lib/jquery.blockUI.js HTTP/1.1" 200 19910 "http://10.210.5.50/paineis/pbq/index.vm?eixo=1" "Mozilla/5.0 (Windows NT 6.1; WOW64; rv:40.0) Gecko/20100101 Firefox/40.0"
10.1.2.102 - - [27/Aug/2015:11:22:34 -0300] "GET /paineis/panelist/css/panelist.tiny.gray.css HTTP/1.1" 200 1473 "http://10.210.5.50/paineis/pbq/index.vm?eixo=1" "Mozilla/5.0 (Windows NT 6.1; WOW64; rv:40.0) Gecko/20100101 Firefox/40.0"
10.1.2.102 - - [27/Aug/2015:11:22:34 -0300] "GET /paineis/js/lib/jquery.slimscroll.min.js HTTP/1.1" 304 - "http://10.210.5.50/paineis/pbq/index.vm?eixo=1" "Mozilla/5.0 (Windows NT 6.1; WOW64; rv:40.0) Gecko/20100101 Firefox/40.0"
10.1.2.102 - - [27/Aug/2015:11:22:34 -0300] "GET /paineis/favicon.ico HTTP/1.1" 200 1150 "-" "Mozilla/5.0 (Windows NT 6.1; WOW64; rv:40.0) Gecko/20100101 Firefox/40.0"
10.1.2.102 - - [27/Aug/2015:11:22:34 -0300] "GET /paineis/js/lib/jquery-ui-1.10.3.custom.js HTTP/1.1" 304 - "http://10.210.5.50/paineis/pbq/index.vm?eixo=1" "Mozilla/5.0 (Windows NT 6.1; WOW64; rv:40.0) Gecko/20100101 Firefox/40.0"
10.1.2.102 - - [27/Aug/2015:11:22:34 -0300] "GET /paineis/js/lib/jquery-1.10.2.min.js HTTP/1.1" 200 93107 "http://10.210.5.50/paineis/pbq/index.vm?eixo=1" "Mozilla/5.0 (Windows NT 6.1; WOW64; rv:40.0) Gecko/20100101 Firefox/40.0"
10.1.2.102 - - [27/Aug/2015:11:22:34 -0300] "GET /paineis/panelist/css/panelist.base.css HTTP/1.1" 200 7091 "http://10.210.5.50/paineis/panelist/css/panelist.tiny.gray.css" "Mozilla/5.0 (Windows NT 6.1; WOW64; rv:40.0) Gecko/20100101 Firefox/40.0"
10.1.2.102 - - [27/Aug/2015:11:22:34 -0300] "GET /paineis/panelist/js/panelist.js HTTP/1.1" 200 145659 "http://10.210.5.50/paineis/pbq/index.vm?eixo=1" "Mozilla/5.0 (Windows NT 6.1; WOW64; rv:40.0) Gecko/20100101 Firefox/40.0"
10.1.2.102 - - [27/Aug/2015:11:22:34 -0300] "GET /paineis/panelist/css/panelist.tinycontrols.css HTTP/1.1" 200 1034 "http://10.210.5.50/paineis/panelist/css/panelist.tiny.gray.css" "Mozilla/5.0 (Windows NT 6.1; WOW64; rv:40.0) Gecko/20100101 Firefox/40.0"
10.1.2.102 - - [27/Aug/2015:11:22:34 -0300] "GET /paineis/js/d3.js HTTP/1.1" 200 292524 "http://10.210.5.50/paineis/pbq/index.vm?eixo=1" "Mozilla/5.0 (Windows NT 6.1; WOW64; rv:40.0) Gecko/20100101 Firefox/40.0"
10.1.2.102 - - [27/Aug/2015:11:22:34 -0300] "GET /paineis/js/lib/jquery.dataTables.js HTTP/1.1" 200 377508 "http://10.210.5.50/paineis/pbq/index.vm?eixo=1" "Mozilla/5.0 (Windows NT 6.1; WOW64; rv:40.0) Gecko/20100101 Firefox/40.0"
10.1.2.102 - - [27/Aug/2015:11:22:34 -0300] "GET /paineis/js/highcharts.src.js HTTP/1.1" 200 427902 "http://10.210.5.50/paineis/pbq/index.vm?eixo=1" "Mozilla/5.0 (Windows NT 6.1; WOW64; rv:40.0) Gecko/20100101 Firefox/40.0"
10.1.2.102 - - [27/Aug/2015:11:22:34 -0300] "GET /paineis/img/logo_pbq_preto_240x39.png HTTP/1.1" 200 2327 "http://10.210.5.50/paineis/pbq/index.vm?eixo=1" "Mozilla/5.0 (Windows NT 6.1; WOW64; rv:40.0) Gecko/20100101 Firefox/40.0"
10.1.2.102 - - [27/Aug/2015:11:22:35 -0300] "GET /paineis/css/smoothness/images/ui-bg_glass_65_ffffff_1x400.png HTTP/1.1" 200 207 "http://10.210.5.50/paineis/css/smoothness/jquery-ui-1.10.3.custom.css" "Mozilla/5.0 (Windows NT 6.1; WOW64; rv:40.0) Gecko/20100101 Firefox/40.0"
10.1.2.102 - - [27/Aug/2015:11:22:35 -0300] "GET /paineis/css/smoothness/images/ui-bg_highlight-soft_75_cccccc_1x100.png HTTP/1.1" 200 280 "http://10.210.5.50/paineis/css/smoothness/jquery-ui-1.10.3.custom.css" "Mozilla/5.0 (Windows NT 6.1; WOW64; rv:40.0) Gecko/20100101 Firefox/40.0"
10.1.2.102 - - [27/Aug/2015:11:22:35 -0300] "GET /paineis/css/smoothness/images/ui-bg_glass_75_e6e6e6_1x400.png HTTP/1.1" 200 262 "http://10.210.5.50/paineis/css/smoothness/jquery-ui-1.10.3.custom.css" "Mozilla/5.0 (Windows NT 6.1; WOW64; rv:40.0) Gecko/20100101 Firefox/40.0"
10.1.2.102 - - [27/Aug/2015:11:22:35 -0300] "GET /paineis/font-awesome/font/fontawesome-webfont.woff?v=3.2.1 HTTP/1.1" 200 43572 "http://10.210.5.50/paineis/font-awesome/css/font-awesome.css" "Mozilla/5.0 (Windows NT 6.1; WOW64; rv:40.0) Gecko/20100101 Firefox/40.0"
10.1.2.102 - - [27/Aug/2015:11:22:35 -0300] "GET /paineis/css/smoothness/images/ui-icons_454545_256x240.png HTTP/1.1" 200 6992 "http://10.210.5.50/paineis/css/smoothness/jquery-ui-1.10.3.custom.css" "Mozilla/5.0 (Windows NT 6.1; WOW64; rv:40.0) Gecko/20100101 Firefox/40.0"
10.1.2.102 - - [27/Aug/2015:11:22:35 -0300] "GET /paineis/img/tables/sort_both.png HTTP/1.1" 200 1136 "http://10.210.5.50/paineis/css/dataTables.css" "Mozilla/5.0 (Windows NT 6.1; WOW64; rv:40.0) Gecko/20100101 Firefox/40.0"
10.1.2.102 - - [27/Aug/2015:11:22:35 -0300] "GET /paineis/css/smoothness/images/ui-icons_888888_256x240.png HTTP/1.1" 200 6999 "http://10.210.5.50/paineis/css/smoothness/jquery-ui-1.10.3.custom.css" "Mozilla/5.0 (Windows NT 6.1; WOW64; rv:40.0) Gecko/20100101 Firefox/40.0"
10.1.2.102 - - [27/Aug/2015:11:22:35 -0300] "GET /paineis/seppir/cubos?cube=Comunidades%20Quilombolas HTTP/1.1" 200 1381 "http://10.210.5.50/paineis/pbq/index.vm?eixo=1" "Mozilla/5.0 (Windows NT 6.1; WOW64; rv:40.0) Gecko/20100101 Firefox/40.0"
10.1.2.102 - - [27/Aug/2015:11:22:35 -0300] "GET /paineis/img/tables/sort_desc.png HTTP/1.1" 304 - "http://10.210.5.50/paineis/css/dataTables.css" "Mozilla/5.0 (Windows NT 6.1; WOW64; rv:40.0) Gecko/20100101 Firefox/40.0"
10.1.2.102 - - [27/Aug/2015:11:22:35 -0300] "GET /paineis/seppir/cubos?cube=CadUnico%20Quilombolas HTTP/1.1" 200 6207 "http://10.210.5.50/paineis/pbq/index.vm?eixo=1" "Mozilla/5.0 (Windows NT 6.1; WOW64; rv:40.0) Gecko/20100101 Firefox/40.0"
10.1.2.102 - - [27/Aug/2015:11:22:35 -0300] "GET /paineis/pbq/comunidades.json.vm HTTP/1.1" 200 136135 "http://10.210.5.50/paineis/pbq/index.vm?eixo=1" "Mozilla/5.0 (Windows NT 6.1; WOW64; rv:40.0) Gecko/20100101 Firefox/40.0"
10.1.2.102 - - [27/Aug/2015:11:22:36 -0300] "POST /paineis/seppir/dados HTTP/1.1" 200 2340 "http://10.210.5.50/paineis/pbq/index.vm?eixo=1" "Mozilla/5.0 (Windows NT 6.1; WOW64; rv:40.0) Gecko/20100101 Firefox/40.0"
10.1.2.102 - - [27/Aug/2015:11:22:36 -0300] "POST /paineis/seppir/dados HTTP/1.1" 200 1759 "http://10.210.5.50/paineis/pbq/index.vm?eixo=1" "Mozilla/5.0 (Windows NT 6.1; WOW64; rv:40.0) Gecko/20100101 Firefox/40.0"
10.1.2.102 - - [27/Aug/2015:11:22:36 -0300] "POST /paineis/seppir/dados HTTP/1.1" 200 3691 "http://10.210.5.50/paineis/pbq/index.vm?eixo=1" "Mozilla/5.0 (Windows NT 6.1; WOW64; rv:40.0) Gecko/20100101 Firefox/40.0"
10.1.2.102 - - [27/Aug/2015:11:22:36 -0300] "POST /paineis/seppir/dados HTTP/1.1" 200 6009 "http://10.210.5.50/paineis/pbq/index.vm?eixo=1" "Mozilla/5.0 (Windows NT 6.1; WOW64; rv:40.0) Gecko/20100101 Firefox/40.0"
10.1.2.102 - - [27/Aug/2015:11:23:23 -0300] "GET /paineis/img/tables/sort_asc.png HTTP/1.1" 200 1118 "http://10.210.5.50/paineis/css/dataTables.css" "Mozilla/5.0 (Windows NT 6.1; WOW64; rv:40.0) Gecko/20100101 Firefox/40.0"
10.1.2.102 - - [27/Aug/2015:11:25:42 -0300] "DELETE /saiku/rest/saiku/admin/query/5BB82F19-63BE-9C49-8050-702C82E075CE/axis/ROWS/dimension/Measures/member/%5BMeasures%5D.%5BFam%C3%ADlias%5D HTTP/1.1" 200 - "http://10.210.5.50/analise/" "Mozilla/5.0 (Windows NT 6.1; WOW64; rv:40.0) Gecko/20100101 Firefox/40.0"
10.1.2.102 - - [27/Aug/2015:11:25:48 -0300] "DELETE /saiku/rest/saiku/admin/query/5BB82F19-63BE-9C49-8050-702C82E075CE/axis/COLUMNS/dimension/Tipo%20de%20Escoamento%20Sanit%C3%A1rio/hierarchy/%5BTipo%20de%20Escoamento%20Sanit%C3%A1rio%5D/%5BTipo%20de%20Escoamento%20Sanit%C3%A1rio%5D.%5BTipo%20de%20Escoamento%20Sanit%C3%A1rio%5D HTTP/1.1" 200 - "http://10.210.5.50/analise/" "Mozilla/5.0 (Windows NT 6.1; WOW64; rv:40.0) Gecko/20100101 Firefox/40.0"
