10.1.2.101 - - [09/Feb/2015:09:42:43 -0300] "GET /saiku/rest/saiku/admin/discover/microdados/Bases%20Atuais/Bases%20Atuais/MTE%20RAIS/measures?key=microdados%2FBases+Atuais%2FBases+Atuais%2FMTE%2520RAIS&_=1423486021392 HTTP/1.1" 200 521 "http://10.210.5.50/analise/" "Mozilla/5.0 (Windows NT 6.1; WOW64) AppleWebKit/537.36 (KHTML, like Gecko) Chrome/40.0.2214.111 Safari/537.36"
10.1.2.101 - - [09/Feb/2015:09:42:43 -0300] "GET /saiku/rest/saiku/admin/discover/microdados/Bases%20Atuais/Bases%20Atuais/PBQ%20CadUnico%20(Familias%20Quilombolas)/dimensions?key=microdados%2FBases+Atuais%2FBases+Atuais%2FPBQ%2520CadUnico%2520(Familias%2520Quilombolas)&_=1423486021392 HTTP/1.1" 200 32318 "http://10.210.5.50/analise/" "Mozilla/5.0 (Windows NT 6.1; WOW64) AppleWebKit/537.36 (KHTML, like Gecko) Chrome/40.0.2214.111 Safari/537.36"
10.1.2.101 - - [09/Feb/2015:09:42:43 -0300] "GET /saiku/rest/saiku/admin/discover/microdados/Bases%20Atuais/Bases%20Atuais/PBQ%20CadUnico%20(Familias%20Quilombolas)/measures?key=microdados%2FBases+Atuais%2FBases+Atuais%2FPBQ%2520CadUnico%2520(Familias%2520Quilombolas)&_=1423486021393 HTTP/1.1" 200 6760 "http://10.210.5.50/analise/" "Mozilla/5.0 (Windows NT 6.1; WOW64) AppleWebKit/537.36 (KHTML, like Gecko) Chrome/40.0.2214.111 Safari/537.36"
10.1.2.101 - - [09/Feb/2015:09:42:43 -0300] "GET /saiku/rest/saiku/admin/discover/microdados/Bases%20Atuais/Bases%20Atuais/PBQ%20CadUnico%20(Pessoas%20Quilombolas)/dimensions?key=microdados%2FBases+Atuais%2FBases+Atuais%2FPBQ%2520CadUnico%2520(Pessoas%2520Quilombolas)&_=1423486021393 HTTP/1.1" 200 16499 "http://10.210.5.50/analise/" "Mozilla/5.0 (Windows NT 6.1; WOW64) AppleWebKit/537.36 (KHTML, like Gecko) Chrome/40.0.2214.111 Safari/537.36"
10.1.2.101 - - [09/Feb/2015:09:42:43 -0300] "GET /saiku/rest/saiku/admin/discover/microdados/Bases%20Atuais/Bases%20Atuais/PBQ%20Censo%20Escolar%20(Escolas%20Quilombolas)/measures?key=microdados%2FBases+Atuais%2FBases+Atuais%2FPBQ%2520Censo%2520Escolar%2520(Escolas%2520Quilombolas)&_=1423486021394 HTTP/1.1" 200 1131 "http://10.210.5.50/analise/" "Mozilla/5.0 (Windows NT 6.1; WOW64) AppleWebKit/537.36 (KHTML, like Gecko) Chrome/40.0.2214.111 Safari/537.36"
10.1.2.101 - - [09/Feb/2015:09:42:43 -0300] "GET /saiku/rest/saiku/admin/discover/microdados/Bases%20Atuais/Bases%20Atuais/PBQ%20Censo%20Escolar%20(Alunos%20de%20Escolas%20Quilombolas)/dimensions?key=microdados%2FBases+Atuais%2FBases+Atuais%2FPBQ%2520Censo%2520Escolar%2520(Alunos%2520de%2520Escolas%2520Quilombolas)&_=1423486021393 HTTP/1.1" 200 15942 "http://10.210.5.50/analise/" "Mozilla/5.0 (Windows NT 6.1; WOW64) AppleWebKit/537.36 (KHTML, like Gecko) Chrome/40.0.2214.111 Safari/537.36"
10.1.2.101 - - [09/Feb/2015:09:42:43 -0300] "GET /saiku/rest/saiku/admin/discover/microdados/Bases%20Atuais/Bases%20Atuais/PBQ%20Censo%20Escolar%20(Alunos%20de%20Escolas%20Quilombolas)/measures?key=microdados%2FBases+Atuais%2FBases+Atuais%2FPBQ%2520Censo%2520Escolar%2520(Alunos%2520de%2520Escolas%2520Quilombolas)&_=1423486021394 HTTP/1.1" 200 494 "http://10.210.5.50/analise/" "Mozilla/5.0 (Windows NT 6.1; WOW64) AppleWebKit/537.36 (KHTML, like Gecko) Chrome/40.0.2214.111 Safari/537.36"
10.1.2.101 - - [09/Feb/2015:09:42:43 -0300] "GET /saiku/rest/saiku/admin/discover/microdados/Bases%20Atuais/Bases%20Atuais/PBQ%20Censo%20Escolar%20(Escolas%20Quilombolas)/dimensions?key=microdados%2FBases+Atuais%2FBases+Atuais%2FPBQ%2520Censo%2520Escolar%2520(Escolas%2520Quilombolas)&_=1423486021394 HTTP/1.1" 200 25017 "http://10.210.5.50/analise/" "Mozilla/5.0 (Windows NT 6.1; WOW64) AppleWebKit/537.36 (KHTML, like Gecko) Chrome/40.0.2214.111 Safari/537.36"
10.1.2.101 - - [09/Feb/2015:09:42:43 -0300] "GET /saiku/rest/saiku/admin/discover/microdados/Bases%20Atuais/Bases%20Atuais/PBQ%20CadUnico%20(Pessoas%20Quilombolas)/measures?key=microdados%2FBases+Atuais%2FBases+Atuais%2FPBQ%2520CadUnico%2520(Pessoas%2520Quilombolas)&_=1423486021393 HTTP/1.1" 200 5520 "http://10.210.5.50/analise/" "Mozilla/5.0 (Windows NT 6.1; WOW64) AppleWebKit/537.36 (KHTML, like Gecko) Chrome/40.0.2214.111 Safari/537.36"
10.1.2.101 - - [09/Feb/2015:09:42:43 -0300] "GET /saiku/rest/saiku/admin/discover/microdados/Bases%20Atuais/Bases%20Atuais/PBQ%20Dados%20Integrados/dimensions?key=microdados%2FBases+Atuais%2FBases+Atuais%2FPBQ%2520Dados%2520Integrados&_=1423486021395 HTTP/1.1" 200 7254 "http://10.210.5.50/analise/" "Mozilla/5.0 (Windows NT 6.1; WOW64) AppleWebKit/537.36 (KHTML, like Gecko) Chrome/40.0.2214.111 Safari/537.36"
10.1.2.101 - - [09/Feb/2015:09:42:43 -0300] "GET /saiku/rest/saiku/admin/discover/microdados/Bases%20Atuais/Bases%20Atuais/PBQ%20Dados%20Integrados/measures?key=microdados%2FBases+Atuais%2FBases+Atuais%2FPBQ%2520Dados%2520Integrados&_=1423486021395 HTTP/1.1" 200 1050 "http://10.210.5.50/analise/" "Mozilla/5.0 (Windows NT 6.1; WOW64) AppleWebKit/537.36 (KHTML, like Gecko) Chrome/40.0.2214.111 Safari/537.36"
10.1.2.101 - - [09/Feb/2015:09:42:43 -0300] "GET /saiku/rest/saiku/admin/discover/microdados/Bases%20Atuais/Bases%20Atuais/PBQ%20Servicos%20(Paineis)/dimensions?key=microdados%2FBases+Atuais%2FBases+Atuais%2FPBQ%2520Servicos%2520(Paineis)&_=1423486021395 HTTP/1.1" 200 919 "http://10.210.5.50/analise/" "Mozilla/5.0 (Windows NT 6.1; WOW64) AppleWebKit/537.36 (KHTML, like Gecko) Chrome/40.0.2214.111 Safari/537.36"
10.1.2.101 - - [09/Feb/2015:09:42:43 -0300] "GET /analise/js/saiku/plugins/Statistics/sigma.png HTTP/1.1" 200 470 "http://10.210.5.50/analise/" "Mozilla/5.0 (Windows NT 6.1; WOW64) AppleWebKit/537.36 (KHTML, like Gecko) Chrome/40.0.2214.111 Safari/537.36"
10.1.2.101 - - [09/Feb/2015:09:42:43 -0300] "GET /saiku/rest/saiku/admin/discover/microdados/Bases%20Atuais/Bases%20Atuais/PBQ%20Servicos%20(Paineis)/measures?key=microdados%2FBases+Atuais%2FBases+Atuais%2FPBQ%2520Servicos%2520(Paineis)&_=1423486021396 HTTP/1.1" 200 5771 "http://10.210.5.50/analise/" "Mozilla/5.0 (Windows NT 6.1; WOW64) AppleWebKit/537.36 (KHTML, like Gecko) Chrome/40.0.2214.111 Safari/537.36"
10.1.2.101 - - [09/Feb/2015:09:42:43 -0300] "GET /analise/images/src/button_pdf.png HTTP/1.1" 200 591 "http://10.210.5.50/analise/css/saiku/src/styles.css" "Mozilla/5.0 (Windows NT 6.1; WOW64) AppleWebKit/537.36 (KHTML, like Gecko) Chrome/40.0.2214.111 Safari/537.36"
10.1.2.101 - - [09/Feb/2015:09:42:43 -0300] "GET /analise/images/src/query_scenario.png HTTP/1.1" 200 437 "http://10.210.5.50/analise/css/saiku/src/styles.css" "Mozilla/5.0 (Windows NT 6.1; WOW64) AppleWebKit/537.36 (KHTML, like Gecko) Chrome/40.0.2214.111 Safari/537.36"
10.1.2.101 - - [09/Feb/2015:09:42:43 -0300] "GET /analise/images/src/switch_to_mdx.png HTTP/1.1" 200 744 "http://10.210.5.50/analise/css/saiku/src/styles.css" "Mozilla/5.0 (Windows NT 6.1; WOW64) AppleWebKit/537.36 (KHTML, like Gecko) Chrome/40.0.2214.111 Safari/537.36"
10.1.2.101 - - [09/Feb/2015:09:42:43 -0300] "GET /analise/images/src/export_drillthrough.png HTTP/1.1" 200 596 "http://10.210.5.50/analise/css/saiku/src/styles.css" "Mozilla/5.0 (Windows NT 6.1; WOW64) AppleWebKit/537.36 (KHTML, like Gecko) Chrome/40.0.2214.111 Safari/537.36"
10.1.2.101 - - [09/Feb/2015:09:42:43 -0300] "GET /analise/images/src/information.png HTTP/1.1" 200 778 "http://10.210.5.50/analise/css/saiku/src/styles.css" "Mozilla/5.0 (Windows NT 6.1; WOW64) AppleWebKit/537.36 (KHTML, like Gecko) Chrome/40.0.2214.111 Safari/537.36"
10.1.2.101 - - [09/Feb/2015:09:42:43 -0300] "GET /analise/js/saiku/plugins/Buckets/tag_red.png HTTP/1.1" 200 592 "http://10.210.5.50/analise/" "Mozilla/5.0 (Windows NT 6.1; WOW64) AppleWebKit/537.36 (KHTML, like Gecko) Chrome/40.0.2214.111 Safari/537.36"
10.1.2.101 - - [09/Feb/2015:09:42:43 -0300] "GET /analise/images/src/arrow_refresh.png HTTP/1.1" 200 685 "http://10.210.5.50/analise/css/saiku/src/styles.css" "Mozilla/5.0 (Windows NT 6.1; WOW64) AppleWebKit/537.36 (KHTML, like Gecko) Chrome/40.0.2214.111 Safari/537.36"
10.1.2.101 - - [09/Feb/2015:09:42:43 -0300] "GET /analise/images/src/cancel3.png HTTP/1.1" 200 3742 "http://10.210.5.50/analise/css/saiku/src/styles.css" "Mozilla/5.0 (Windows NT 6.1; WOW64) AppleWebKit/537.36 (KHTML, like Gecko) Chrome/40.0.2214.111 Safari/537.36"
10.1.2.101 - - [09/Feb/2015:09:42:50 -0300] "POST /saiku/rest/saiku/admin/query/E594A985-79BB-9F11-9692-8EE3ED167C09 HTTP/1.1" 200 1590 "http://10.210.5.50/analise/" "Mozilla/5.0 (Windows NT 6.1; WOW64) AppleWebKit/537.36 (KHTML, like Gecko) Chrome/40.0.2214.111 Safari/537.36"
10.1.2.101 - - [09/Feb/2015:09:42:50 -0300] "GET /analise/images/src/bullet_red.png HTTP/1.1" 200 287 "http://10.210.5.50/analise/css/saiku/src/styles.css" "Mozilla/5.0 (Windows NT 6.1; WOW64) AppleWebKit/537.36 (KHTML, like Gecko) Chrome/40.0.2214.111 Safari/537.36"
10.1.2.101 - - [09/Feb/2015:09:42:52 -0300] "GET /analise/images/src/bullet_blue.png HTTP/1.1" 200 2962 "http://10.210.5.50/analise/css/saiku/src/styles.css" "Mozilla/5.0 (Windows NT 6.1; WOW64) AppleWebKit/537.36 (KHTML, like Gecko) Chrome/40.0.2214.111 Safari/537.36"
10.1.2.101 - - [09/Feb/2015:09:42:53 -0300] "GET /analise/images/src/sort_none.png HTTP/1.1" 200 191 "http://10.210.5.50/analise/css/saiku/src/styles.css" "Mozilla/5.0 (Windows NT 6.1; WOW64) AppleWebKit/537.36 (KHTML, like Gecko) Chrome/40.0.2214.111 Safari/537.36"
10.1.2.101 - - [09/Feb/2015:09:42:53 -0300] "POST /saiku/rest/saiku/admin/query/E594A985-79BB-9F11-9692-8EE3ED167C09/axis/COLUMNS/dimension/Comunidade/hierarchy/%5BComunidade%5D/%5BComunidade%5D.%5BComunidade%5D HTTP/1.1" 201 - "http://10.210.5.50/analise/" "Mozilla/5.0 (Windows NT 6.1; WOW64) AppleWebKit/537.36 (KHTML, like Gecko) Chrome/40.0.2214.111 Safari/537.36"
10.1.2.101 - - [09/Feb/2015:09:42:54 -0300] "GET /saiku/rest/saiku/admin/query/E594A985-79BB-9F11-9692-8EE3ED167C09/result/metadata/dimensions/Comunidade/hierarchies/%5BComunidade%5D/levels/%5BComunidade%5D.%5BComunidade%5D?result=true&_=1423486032913 HTTP/1.1" 200 566007 "http://10.210.5.50/analise/" "Mozilla/5.0 (Windows NT 6.1; WOW64) AppleWebKit/537.36 (KHTML, like Gecko) Chrome/40.0.2214.111 Safari/537.36"
10.1.2.101 - - [09/Feb/2015:09:42:54 -0300] "GET /saiku/rest/saiku/admin/query/E594A985-79BB-9F11-9692-8EE3ED167C09/axis/COLUMNS/dimension/Comunidade?_=1423486033007 HTTP/1.1" 200 356 "http://10.210.5.50/analise/" "Mozilla/5.0 (Windows NT 6.1; WOW64) AppleWebKit/537.36 (KHTML, like Gecko) Chrome/40.0.2214.111 Safari/537.36"
10.1.2.101 - - [09/Feb/2015:09:42:54 -0300] "GET /analise/css/jquery/images/ui-bg_flat_75_ffffff_40x100.png HTTP/1.1" 200 178 "http://10.210.5.50/analise/css/jquery/jquery-ui.css" "Mozilla/5.0 (Windows NT 6.1; WOW64) AppleWebKit/537.36 (KHTML, like Gecko) Chrome/40.0.2214.111 Safari/537.36"
10.1.2.101 - - [09/Feb/2015:09:43:02 -0300] "GET /analise/css/jquery/images/ui-bg_glass_75_dadada_1x400.png HTTP/1.1" 200 111 "http://10.210.5.50/analise/css/jquery/jquery-ui.css" "Mozilla/5.0 (Windows NT 6.1; WOW64) AppleWebKit/537.36 (KHTML, like Gecko) Chrome/40.0.2214.111 Safari/537.36"
10.1.2.101 - - [09/Feb/2015:09:43:07 -0300] "PUT /saiku/rest/saiku/admin/query/E594A985-79BB-9F11-9692-8EE3ED167C09/axis/COLUMNS/dimension/Comunidade HTTP/1.1" 200 - "http://10.210.5.50/analise/" "Mozilla/5.0 (Windows NT 6.1; WOW64) AppleWebKit/537.36 (KHTML, like Gecko) Chrome/40.0.2214.111 Safari/537.36"
10.1.2.101 - - [09/Feb/2015:09:43:14 -0300] "POST /saiku/rest/saiku/admin/query/E594A985-79BB-9F11-9692-8EE3ED167C09/axis/ROWS/dimension/Faixa%20de%20Renda%20Familiar/hierarchy/%5BFaixa%20de%20Renda%20Familiar%5D/%5BFaixa%20de%20Renda%20Familiar%5D.%5BFaixa%20de%20Renda%20Familiar%5D HTTP/1.1" 201 - "http://10.210.5.50/analise/" "Mozilla/5.0 (Windows NT 6.1; WOW64) AppleWebKit/537.36 (KHTML, like Gecko) Chrome/40.0.2214.111 Safari/537.36"
10.1.2.101 - - [09/Feb/2015:09:43:17 -0300] "GET /saiku/rest/saiku/admin/query/E594A985-79BB-9F11-9692-8EE3ED167C09/result/flattened?limit=0&_=1423486053273 HTTP/1.1" 200 637194 "http://10.210.5.50/analise/" "Mozilla/5.0 (Windows NT 6.1; WOW64) AppleWebKit/537.36 (KHTML, like Gecko) Chrome/40.0.2214.111 Safari/537.36"
10.1.2.203 - - [09/Feb/2015:09:43:17 -0300] "POST /saiku/rest/saiku/admin/query/28BC5F99-65F4-755B-B71B-238668E9346E/axis/ROWS/dimension/Local%20de%20Domic%C3%ADlio/hierarchy/%5BLocal%20de%20Domic%C3%ADlio%5D/%5BLocal%20de%20Domic%C3%ADlio%5D.%5BMunic%C3%ADpio%5D HTTP/1.1" 201 - "http://10.210.5.50/analise/" "Mozilla/5.0 (Windows NT 6.1; WOW64; rv:35.0) Gecko/20100101 Firefox/35.0"
10.1.2.203 - - [09/Feb/2015:09:43:20 -0300] "GET /saiku/rest/saiku/admin/query/28BC5F99-65F4-755B-B71B-238668E9346E/result/flattened?limit=0&_=1423486056322 HTTP/1.1" 200 819497 "http://10.210.5.50/analise/" "Mozilla/5.0 (Windows NT 6.1; WOW64; rv:35.0) Gecko/20100101 Firefox/35.0"
10.1.2.101 - - [09/Feb/2015:09:43:21 -0300] "GET /saiku/rest/saiku/admin/query/E594A985-79BB-9F11-9692-8EE3ED167C09/result/metadata/dimensions/Comunidade/hierarchies/%5BComunidade%5D/levels/%5BComunidade%5D.%5BComunidade%5D?result=true&_=1423486059842 HTTP/1.1" 200 566007 "http://10.210.5.50/analise/" "Mozilla/5.0 (Windows NT 6.1; WOW64) AppleWebKit/537.36 (KHTML, like Gecko) Chrome/40.0.2214.111 Safari/537.36"
10.1.2.101 - - [09/Feb/2015:09:43:21 -0300] "GET /saiku/rest/saiku/admin/query/E594A985-79BB-9F11-9692-8EE3ED167C09/axis/COLUMNS/dimension/Comunidade?_=1423486059934 HTTP/1.1" 200 356 "http://10.210.5.50/analise/" "Mozilla/5.0 (Windows NT 6.1; WOW64) AppleWebKit/537.36 (KHTML, like Gecko) Chrome/40.0.2214.111 Safari/537.36"
10.1.2.203 - - [09/Feb/2015:09:43:24 -0300] "POST /saiku/rest/saiku/admin/query/28BC5F99-65F4-755B-B71B-238668E9346E/axis/ROWS/dimension/Local%20de%20Domic%C3%ADlio HTTP/1.1" 200 - "http://10.210.5.50/analise/" "Mozilla/5.0 (Windows NT 6.1; WOW64; rv:35.0) Gecko/20100101 Firefox/35.0"
10.1.2.203 - - [09/Feb/2015:09:43:24 -0300] "GET /saiku/rest/saiku/admin/query/28BC5F99-65F4-755B-B71B-238668E9346E/result/flattened?limit=0&_=1423486062884 HTTP/1.1" 200 819495 "http://10.210.5.50/analise/" "Mozilla/5.0 (Windows NT 6.1; WOW64; rv:35.0) Gecko/20100101 Firefox/35.0"
10.1.2.203 - - [09/Feb/2015:09:43:27 -0300] "POST /saiku/rest/saiku/admin/query/28BC5F99-65F4-755B-B71B-238668E9346E/axis/ROWS/dimension/Comunidade HTTP/1.1" 200 - "http://10.210.5.50/analise/" "Mozilla/5.0 (Windows NT 6.1; WOW64; rv:35.0) Gecko/20100101 Firefox/35.0"
10.1.2.203 - - [09/Feb/2015:09:43:28 -0300] "GET /saiku/rest/saiku/admin/query/28BC5F99-65F4-755B-B71B-238668E9346E/result/flattened?limit=0&_=1423486066495 HTTP/1.1" 200 819495 "http://10.210.5.50/analise/" "Mozilla/5.0 (Windows NT 6.1; WOW64; rv:35.0) Gecko/20100101 Firefox/35.0"
10.1.2.101 - - [09/Feb/2015:09:43:30 -0300] "PUT /saiku/rest/saiku/admin/query/E594A985-79BB-9F11-9692-8EE3ED167C09/axis/COLUMNS/dimension/Comunidade HTTP/1.1" 200 - "http://10.210.5.50/analise/" "Mozilla/5.0 (Windows NT 6.1; WOW64) AppleWebKit/537.36 (KHTML, like Gecko) Chrome/40.0.2214.111 Safari/537.36"
10.1.2.101 - - [09/Feb/2015:09:43:30 -0300] "GET /saiku/rest/saiku/admin/query/E594A985-79BB-9F11-9692-8EE3ED167C09/result/flattened?limit=0&_=1423486068505 HTTP/1.1" 200 1528 "http://10.210.5.50/analise/" "Mozilla/5.0 (Windows NT 6.1; WOW64) AppleWebKit/537.36 (KHTML, like Gecko) Chrome/40.0.2214.111 Safari/537.36"
10.1.2.203 - - [09/Feb/2015:09:43:30 -0300] "DELETE /saiku/rest/saiku/admin/query/28BC5F99-65F4-755B-B71B-238668E9346E/axis/ROWS/dimension/Comunidade/hierarchy/%5BComunidade%5D/%5BComunidade%5D.%5BComunidade%5D HTTP/1.1" 200 - "http://10.210.5.50/analise/" "Mozilla/5.0 (Windows NT 6.1; WOW64; rv:35.0) Gecko/20100101 Firefox/35.0"
10.1.2.203 - - [09/Feb/2015:09:43:37 -0300] "GET /saiku/rest/saiku/admin/query/28BC5F99-65F4-755B-B71B-238668E9346E/result/flattened?limit=0&_=1423486069175 HTTP/1.1" 200 402122 "http://10.210.5.50/analise/" "Mozilla/5.0 (Windows NT 6.1; WOW64; rv:35.0) Gecko/20100101 Firefox/35.0"
10.1.2.203 - - [09/Feb/2015:09:43:41 -0300] "POST /saiku/rest/saiku/admin/query/28BC5F99-65F4-755B-B71B-238668E9346E/axis/ROWS/dimension/Comunidade/hierarchy/%5BComunidade%5D/%5BComunidade%5D.%5BComunidade%5D HTTP/1.1" 201 - "http://10.210.5.50/analise/" "Mozilla/5.0 (Windows NT 6.1; WOW64; rv:35.0) Gecko/20100101 Firefox/35.0"
10.1.2.203 - - [09/Feb/2015:09:43:46 -0300] "GET /saiku/rest/saiku/admin/query/28BC5F99-65F4-755B-B71B-238668E9346E/result/flattened?limit=0&_=1423486079903 HTTP/1.1" 200 609147 "http://10.210.5.50/analise/" "Mozilla/5.0 (Windows NT 6.1; WOW64; rv:35.0) Gecko/20100101 Firefox/35.0"
10.1.2.203 - - [09/Feb/2015:09:43:54 -0300] "POST /saiku/rest/saiku/admin/query/28BC5F99-65F4-755B-B71B-238668E9346E/axis/COLUMNS/dimension/Faixa%20de%20Renda%20Familiar/hierarchy/%5BFaixa%20de%20Renda%20Familiar%5D/%5BFaixa%20de%20Renda%20Familiar%5D.%5BFaixa%20de%20Renda%20Familiar%5D HTTP/1.1" 201 - "http://10.210.5.50/analise/" "Mozilla/5.0 (Windows NT 6.1; WOW64; rv:35.0) Gecko/20100101 Firefox/35.0"
10.1.2.203 - - [09/Feb/2015:09:44:00 -0300] "GET /saiku/rest/saiku/admin/query/28BC5F99-65F4-755B-B71B-238668E9346E/result/flattened?limit=0&_=1423486093815 HTTP/1.1" 200 830010 "http://10.210.5.50/analise/" "Mozilla/5.0 (Windows NT 6.1; WOW64; rv:35.0) Gecko/20100101 Firefox/35.0"
10.1.2.101 - - [09/Feb/2015:09:44:14 -0300] "POST /saiku/rest/saiku/admin/query/E594A985-79BB-9F11-9692-8EE3ED167C09/axis/ROWS/dimension/Tipo%20de%20Ilumina%C3%A7%C3%A3o/hierarchy/%5BTipo%20de%20Ilumina%C3%A7%C3%A3o%5D/%5BTipo%20de%20Ilumina%C3%A7%C3%A3o%5D.%5BExist%C3%AAncia%20de%20Eletricidade%5D HTTP/1.1" 201 - "http://10.210.5.50/analise/" "Mozilla/5.0 (Windows NT 6.1; WOW64) AppleWebKit/537.36 (KHTML, like Gecko) Chrome/40.0.2214.111 Safari/537.36"
10.1.2.203 - - [09/Feb/2015:09:44:20 -0300] "DELETE /saiku/rest/saiku/admin/query/28BC5F99-65F4-755B-B71B-238668E9346E/axis/COLUMNS/dimension/Faixa%20de%20Renda%20Familiar/hierarchy/%5BFaixa%20de%20Renda%20Familiar%5D/%5BFaixa%20de%20Renda%20Familiar%5D.%5BFaixa%20de%20Renda%20Familiar%5D HTTP/1.1" 200 - "http://10.210.5.50/analise/" "Mozilla/5.0 (Windows NT 6.1; WOW64; rv:35.0) Gecko/20100101 Firefox/35.0"
10.1.2.203 - - [09/Feb/2015:09:44:20 -0300] "GET /saiku/rest/saiku/admin/query/28BC5F99-65F4-755B-B71B-238668E9346E/result/flattened?limit=0&_=1423486119170 HTTP/1.1" 200 609145 "http://10.210.5.50/analise/" "Mozilla/5.0 (Windows NT 6.1; WOW64; rv:35.0) Gecko/20100101 Firefox/35.0"
10.1.2.101 - - [09/Feb/2015:09:44:29 -0300] "GET /saiku/rest/saiku/admin/query/E594A985-79BB-9F11-9692-8EE3ED167C09/result/flattened?limit=0&_=1423486112611 HTTP/1.1" 200 2571 "http://10.210.5.50/analise/" "Mozilla/5.0 (Windows NT 6.1; WOW64) AppleWebKit/537.36 (KHTML, like Gecko) Chrome/40.0.2214.111 Safari/537.36"
10.1.2.101 - - [09/Feb/2015:09:44:42 -0300] "POST /saiku/rest/saiku/admin/query/E594A985-79BB-9F11-9692-8EE3ED167C09/axis/COLUMNS/dimension/Measures/member/%5BMeasures%5D.%5BFam%C3%ADlias%5D HTTP/1.1" 201 - "http://10.210.5.50/analise/" "Mozilla/5.0 (Windows NT 6.1; WOW64) AppleWebKit/537.36 (KHTML, like Gecko) Chrome/40.0.2214.111 Safari/537.36"
10.1.2.101 - - [09/Feb/2015:09:44:42 -0300] "GET /saiku/rest/saiku/admin/query/E594A985-79BB-9F11-9692-8EE3ED167C09/result/flattened?limit=0&_=1423486140753 HTTP/1.1" 200 2866 "http://10.210.5.50/analise/" "Mozilla/5.0 (Windows NT 6.1; WOW64) AppleWebKit/537.36 (KHTML, like Gecko) Chrome/40.0.2214.111 Safari/537.36"
10.1.2.101 - - [09/Feb/2015:09:44:50 -0300] "POST /saiku/rest/saiku/admin/query/E594A985-79BB-9F11-9692-8EE3ED167C09/axis/ROWS/dimension/Measures HTTP/1.1" 200 - "http://10.210.5.50/analise/" "Mozilla/5.0 (Windows NT 6.1; WOW64) AppleWebKit/537.36 (KHTML, like Gecko) Chrome/40.0.2214.111 Safari/537.36"
10.1.2.101 - - [09/Feb/2015:09:44:51 -0300] "GET /saiku/rest/saiku/admin/query/E594A985-79BB-9F11-9692-8EE3ED167C09/result/flattened?limit=0&_=1423486148864 HTTP/1.1" 200 3262 "http://10.210.5.50/analise/" "Mozilla/5.0 (Windows NT 6.1; WOW64) AppleWebKit/537.36 (KHTML, like Gecko) Chrome/40.0.2214.111 Safari/537.36"
10.1.2.101 - - [09/Feb/2015:09:44:52 -0300] "DELETE /saiku/rest/saiku/admin/query/E594A985-79BB-9F11-9692-8EE3ED167C09/axis/ROWS/dimension/Tipo%20de%20Ilumina%C3%A7%C3%A3o/hierarchy/%5BTipo%20de%20Ilumina%C3%A7%C3%A3o%5D/%5BTipo%20de%20Ilumina%C3%A7%C3%A3o%5D.%5BExist%C3%AAncia%20de%20Eletricidade%5D HTTP/1.1" 200 - "http://10.210.5.50/analise/" "Mozilla/5.0 (Windows NT 6.1; WOW64) AppleWebKit/537.36 (KHTML, like Gecko) Chrome/40.0.2214.111 Safari/537.36"
10.1.2.101 - - [09/Feb/2015:09:44:52 -0300] "GET /saiku/rest/saiku/admin/query/E594A985-79BB-9F11-9692-8EE3ED167C09/result/flattened?limit=0&_=1423486150444 HTTP/1.1" 200 2223 "http://10.210.5.50/analise/" "Mozilla/5.0 (Windows NT 6.1; WOW64) AppleWebKit/537.36 (KHTML, like Gecko) Chrome/40.0.2214.111 Safari/537.36"
10.1.2.101 - - [09/Feb/2015:09:44:54 -0300] "DELETE /saiku/rest/saiku/admin/query/E594A985-79BB-9F11-9692-8EE3ED167C09/axis/ROWS/dimension/Faixa%20de%20Renda%20Familiar/hierarchy/%5BFaixa%20de%20Renda%20Familiar%5D/%5BFaixa%20de%20Renda%20Familiar%5D.%5BFaixa%20de%20Renda%20Familiar%5D HTTP/1.1" 200 - "http://10.210.5.50/analise/" "Mozilla/5.0 (Windows NT 6.1; WOW64) AppleWebKit/537.36 (KHTML, like Gecko) Chrome/40.0.2214.111 Safari/537.36"
10.1.2.101 - - [09/Feb/2015:09:44:54 -0300] "GET /saiku/rest/saiku/admin/query/E594A985-79BB-9F11-9692-8EE3ED167C09/result/flattened?limit=0&_=1423486153110 HTTP/1.1" 200 689 "http://10.210.5.50/analise/" "Mozilla/5.0 (Windows NT 6.1; WOW64) AppleWebKit/537.36 (KHTML, like Gecko) Chrome/40.0.2214.111 Safari/537.36"
10.1.2.203 - - [09/Feb/2015:09:45:02 -0300] "GET /saiku/rest/saiku/admin/discover/refresh?_=1423486160598 HTTP/1.1" 200 8458 "http://10.210.5.50/analise/" "Mozilla/5.0 (Windows NT 6.1; WOW64; rv:35.0) Gecko/20100101 Firefox/35.0"
10.1.2.203 - - [09/Feb/2015:09:45:02 -0300] "GET /saiku/rest/saiku/admin/discover/agregado/Hist%C3%B3rico/Hist%C3%B3rico/Hist.%20MDS%20CadUnico%20(Familias)/dimensions?key=agregado%2FHist%C3%B3rico%2FHist%C3%B3rico%2FHist.%2520MDS%2520CadUnico%2520(Familias)&_=1423486161261 HTTP/1.1" 200 12877 "http://10.210.5.50/analise/" "Mozilla/5.0 (Windows NT 6.1; WOW64; rv:35.0) Gecko/20100101 Firefox/35.0"
10.1.2.203 - - [09/Feb/2015:09:45:03 -0300] "GET /saiku/rest/saiku/admin/discover/agregado/Hist%C3%B3rico/Hist%C3%B3rico/Hist.%20MDS%20CadUnico%20(Familias)/measures?key=agregado%2FHist%C3%B3rico%2FHist%C3%B3rico%2FHist.%2520MDS%2520CadUnico%2520(Familias)&_=1423486161269 HTTP/1.1" 200 2653 "http://10.210.5.50/analise/" "Mozilla/5.0 (Windows NT 6.1; WOW64; rv:35.0) Gecko/20100101 Firefox/35.0"
10.1.2.203 - - [09/Feb/2015:09:45:03 -0300] "GET /saiku/rest/saiku/admin/discover/agregado/Hist%C3%B3rico/Hist%C3%B3rico/Hist.%20MDS%20CadUnico%20(Pessoas)/dimensions?key=agregado%2FHist%C3%B3rico%2FHist%C3%B3rico%2FHist.%2520MDS%2520CadUnico%2520(Pessoas)&_=1423486161277 HTTP/1.1" 200 13740 "http://10.210.5.50/analise/" "Mozilla/5.0 (Windows NT 6.1; WOW64; rv:35.0) Gecko/20100101 Firefox/35.0"
10.1.2.203 - - [09/Feb/2015:09:45:03 -0300] "GET /saiku/rest/saiku/admin/discover/agregado/Hist%C3%B3rico/Hist%C3%B3rico/Hist.%20MDS%20CadUnico%20(Pessoas)/measures?key=agregado%2FHist%C3%B3rico%2FHist%C3%B3rico%2FHist.%2520MDS%2520CadUnico%2520(Pessoas)&_=1423486161285 HTTP/1.1" 200 2513 "http://10.210.5.50/analise/" "Mozilla/5.0 (Windows NT 6.1; WOW64; rv:35.0) Gecko/20100101 Firefox/35.0"
10.1.2.203 - - [09/Feb/2015:09:45:03 -0300] "GET /saiku/rest/saiku/admin/discover/agregado/Hist%C3%B3rico/Hist%C3%B3rico/Hist.%20MEC%20Censo%20Escolar%20(Alunos)/dimensions?key=agregado%2FHist%C3%B3rico%2FHist%C3%B3rico%2FHist.%2520MEC%2520Censo%2520Escolar%2520(Alunos)&_=1423486161293 HTTP/1.1" 200 8194 "http://10.210.5.50/analise/" "Mozilla/5.0 (Windows NT 6.1; WOW64; rv:35.0) Gecko/20100101 Firefox/35.0"
10.1.2.203 - - [09/Feb/2015:09:45:03 -0300] "GET /saiku/rest/saiku/admin/discover/agregado/Hist%C3%B3rico/Hist%C3%B3rico/Hist.%20MEC%20Censo%20Escolar%20(Alunos)/measures?key=agregado%2FHist%C3%B3rico%2FHist%C3%B3rico%2FHist.%2520MEC%2520Censo%2520Escolar%2520(Alunos)&_=1423486161302 HTTP/1.1" 200 494 "http://10.210.5.50/analise/" "Mozilla/5.0 (Windows NT 6.1; WOW64; rv:35.0) Gecko/20100101 Firefox/35.0"
10.1.2.203 - - [09/Feb/2015:09:45:03 -0300] "GET /saiku/rest/saiku/admin/discover/agregado/Hist%C3%B3rico/Hist%C3%B3rico/Hist.%20MEC%20Censo%20Escolar%20(Escolas)/dimensions?key=agregado%2FHist%C3%B3rico%2FHist%C3%B3rico%2FHist.%2520MEC%2520Censo%2520Escolar%2520(Escolas)&_=1423486161310 HTTP/1.1" 200 2623 "http://10.210.5.50/analise/" "Mozilla/5.0 (Windows NT 6.1; WOW64; rv:35.0) Gecko/20100101 Firefox/35.0"
10.1.2.203 - - [09/Feb/2015:09:45:03 -0300] "GET /saiku/rest/saiku/admin/discover/agregado/Hist%C3%B3rico/Hist%C3%B3rico/Hist.%20MEC%20Censo%20Escolar%20(Escolas)/measures?key=agregado%2FHist%C3%B3rico%2FHist%C3%B3rico%2FHist.%2520MEC%2520Censo%2520Escolar%2520(Escolas)&_=1423486161318 HTTP/1.1" 200 5022 "http://10.210.5.50/analise/" "Mozilla/5.0 (Windows NT 6.1; WOW64; rv:35.0) Gecko/20100101 Firefox/35.0"
10.1.2.203 - - [09/Feb/2015:09:45:03 -0300] "GET /saiku/rest/saiku/admin/discover/agregado/Hist%C3%B3rico/Hist%C3%B3rico/Hist.%20MS%20SIM/dimensions?key=agregado%2FHist%C3%B3rico%2FHist%C3%B3rico%2FHist.%2520MS%2520SIM&_=1423486161326 HTTP/1.1" 200 13651 "http://10.210.5.50/analise/" "Mozilla/5.0 (Windows NT 6.1; WOW64; rv:35.0) Gecko/20100101 Firefox/35.0"
10.1.2.203 - - [09/Feb/2015:09:45:03 -0300] "GET /saiku/rest/saiku/admin/discover/agregado/Hist%C3%B3rico/Hist%C3%B3rico/Hist.%20MS%20SIM/measures?key=agregado%2FHist%C3%B3rico%2FHist%C3%B3rico%2FHist.%2520MS%2520SIM&_=1423486161334 HTTP/1.1" 200 497 "http://10.210.5.50/analise/" "Mozilla/5.0 (Windows NT 6.1; WOW64; rv:35.0) Gecko/20100101 Firefox/35.0"
10.1.2.203 - - [09/Feb/2015:09:45:03 -0300] "GET /saiku/rest/saiku/admin/discover/agregado/Hist%C3%B3rico/Hist%C3%B3rico/Hist.%20MS%20SIM%20-%20Homicidios/dimensions?key=agregado%2FHist%C3%B3rico%2FHist%C3%B3rico%2FHist.%2520MS%2520SIM%2520-%2520Homicidios&_=1423486161341 HTTP/1.1" 200 6532 "http://10.210.5.50/analise/" "Mozilla/5.0 (Windows NT 6.1; WOW64; rv:35.0) Gecko/20100101 Firefox/35.0"
10.1.2.203 - - [09/Feb/2015:09:45:03 -0300] "GET /saiku/rest/saiku/admin/discover/agregado/Hist%C3%B3rico/Hist%C3%B3rico/Hist.%20MS%20SIM%20-%20Homicidios/measures?key=agregado%2FHist%C3%B3rico%2FHist%C3%B3rico%2FHist.%2520MS%2520SIM%2520-%2520Homicidios&_=1423486161349 HTTP/1.1" 200 757 "http://10.210.5.50/analise/" "Mozilla/5.0 (Windows NT 6.1; WOW64; rv:35.0) Gecko/20100101 Firefox/35.0"
10.1.2.203 - - [09/Feb/2015:09:45:03 -0300] "GET /saiku/rest/saiku/admin/discover/agregado/Hist%C3%B3rico/Hist%C3%B3rico/Hist.%20MTE%20RAIS/dimensions?key=agregado%2FHist%C3%B3rico%2FHist%C3%B3rico%2FHist.%2520MTE%2520RAIS&_=1423486161357 HTTP/1.1" 200 9242 "http://10.210.5.50/analise/" "Mozilla/5.0 (Windows NT 6.1; WOW64; rv:35.0) Gecko/20100101 Firefox/35.0"
10.1.2.203 - - [09/Feb/2015:09:45:03 -0300] "GET /saiku/rest/saiku/admin/discover/agregado/Hist%C3%B3rico/Hist%C3%B3rico/Hist.%20MTE%20RAIS/measures?key=agregado%2FHist%C3%B3rico%2FHist%C3%B3rico%2FHist.%2520MTE%2520RAIS&_=1423486161364 HTTP/1.1" 200 521 "http://10.210.5.50/analise/" "Mozilla/5.0 (Windows NT 6.1; WOW64; rv:35.0) Gecko/20100101 Firefox/35.0"
10.1.2.203 - - [09/Feb/2015:09:45:03 -0300] "GET /saiku/rest/saiku/admin/discover/agregado/Hist%C3%B3rico/Hist%C3%B3rico/Hist.%20PBQ%20CadUnico%20(Familias%20Quilombolas)/dimensions?key=agregado%2FHist%C3%B3rico%2FHist%C3%B3rico%2FHist.%2520PBQ%2520CadUnico%2520(Familias%2520Quilombolas)&_=1423486161371 HTTP/1.1" 200 33416 "http://10.210.5.50/analise/" "Mozilla/5.0 (Windows NT 6.1; WOW64; rv:35.0) Gecko/20100101 Firefox/35.0"
10.1.2.203 - - [09/Feb/2015:09:45:03 -0300] "GET /saiku/rest/saiku/admin/discover/agregado/Hist%C3%B3rico/Hist%C3%B3rico/Hist.%20PBQ%20CadUnico%20(Familias%20Quilombolas)/measures?key=agregado%2FHist%C3%B3rico%2FHist%C3%B3rico%2FHist.%2520PBQ%2520CadUnico%2520(Familias%2520Quilombolas)&_=1423486161379 HTTP/1.1" 200 6760 "http://10.210.5.50/analise/" "Mozilla/5.0 (Windows NT 6.1; WOW64; rv:35.0) Gecko/20100101 Firefox/35.0"
10.1.2.203 - - [09/Feb/2015:09:45:03 -0300] "GET /saiku/rest/saiku/admin/discover/agregado/Hist%C3%B3rico/Hist%C3%B3rico/Hist.%20PBQ%20CadUnico%20(Pessoas%20Quilombolas)/dimensions?key=agregado%2FHist%C3%B3rico%2FHist%C3%B3rico%2FHist.%2520PBQ%2520CadUnico%2520(Pessoas%2520Quilombolas)&_=1423486161386 HTTP/1.1" 200 14710 "http://10.210.5.50/analise/" "Mozilla/5.0 (Windows NT 6.1; WOW64; rv:35.0) Gecko/20100101 Firefox/35.0"
10.1.2.203 - - [09/Feb/2015:09:45:03 -0300] "GET /saiku/rest/saiku/admin/discover/agregado/Hist%C3%B3rico/Hist%C3%B3rico/Hist.%20PBQ%20CadUnico%20(Pessoas%20Quilombolas)/measures?key=agregado%2FHist%C3%B3rico%2FHist%C3%B3rico%2FHist.%2520PBQ%2520CadUnico%2520(Pessoas%2520Quilombolas)&_=1423486161393 HTTP/1.1" 200 5756 "http://10.210.5.50/analise/" "Mozilla/5.0 (Windows NT 6.1; WOW64; rv:35.0) Gecko/20100101 Firefox/35.0"
10.1.2.203 - - [09/Feb/2015:09:45:03 -0300] "GET /saiku/rest/saiku/admin/discover/agregado/Hist%C3%B3rico/Hist%C3%B3rico/Hist.%20PBQ%20Censo%20Escolar%20(Alunos%20de%20Escolas%20Quilombolas)/dimensions?key=agregado%2FHist%C3%B3rico%2FHist%C3%B3rico%2FHist.%2520PBQ%2520Censo%2520Escolar%2520(Alunos%2520de%2520Escolas%2520Quilombolas)&_=1423486161400 HTTP/1.1" 200 16776 "http://10.210.5.50/analise/" "Mozilla/5.0 (Windows NT 6.1; WOW64; rv:35.0) Gecko/20100101 Firefox/35.0"
10.1.2.203 - - [09/Feb/2015:09:45:03 -0300] "GET /saiku/rest/saiku/admin/discover/agregado/Hist%C3%B3rico/Hist%C3%B3rico/Hist.%20PBQ%20Censo%20Escolar%20(Alunos%20de%20Escolas%20Quilombolas)/measures?key=agregado%2FHist%C3%B3rico%2FHist%C3%B3rico%2FHist.%2520PBQ%2520Censo%2520Escolar%2520(Alunos%2520de%2520Escolas%2520Quilombolas)&_=1423486161408 HTTP/1.1" 200 494 "http://10.210.5.50/analise/" "Mozilla/5.0 (Windows NT 6.1; WOW64; rv:35.0) Gecko/20100101 Firefox/35.0"
10.1.2.203 - - [09/Feb/2015:09:45:03 -0300] "GET /saiku/rest/saiku/admin/discover/agregado/Hist%C3%B3rico/Hist%C3%B3rico/Hist.%20PBQ%20Censo%20Escolar%20(Escolas%20Quilombolas)/dimensions?key=agregado%2FHist%C3%B3rico%2FHist%C3%B3rico%2FHist.%2520PBQ%2520Censo%2520Escolar%2520(Escolas%2520Quilombolas)&_=1423486161415 HTTP/1.1" 200 25844 "http://10.210.5.50/analise/" "Mozilla/5.0 (Windows NT 6.1; WOW64; rv:35.0) Gecko/20100101 Firefox/35.0"
10.1.2.203 - - [09/Feb/2015:09:45:03 -0300] "GET /saiku/rest/saiku/admin/discover/agregado/Hist%C3%B3rico/Hist%C3%B3rico/Hist.%20PBQ%20Censo%20Escolar%20(Escolas%20Quilombolas)/measures?key=agregado%2FHist%C3%B3rico%2FHist%C3%B3rico%2FHist.%2520PBQ%2520Censo%2520Escolar%2520(Escolas%2520Quilombolas)&_=1423486161422 HTTP/1.1" 200 1131 "http://10.210.5.50/analise/" "Mozilla/5.0 (Windows NT 6.1; WOW64; rv:35.0) Gecko/20100101 Firefox/35.0"
10.1.2.203 - - [09/Feb/2015:09:45:03 -0300] "GET /saiku/rest/saiku/admin/discover/agregado/Hist%C3%B3rico/Hist%C3%B3rico/Hist.%20PBQ%20Servicos%20(Paineis)/dimensions?key=agregado%2FHist%C3%B3rico%2FHist%C3%B3rico%2FHist.%2520PBQ%2520Servicos%2520(Paineis)&_=1423486161431 HTTP/1.1" 200 2010 "http://10.210.5.50/analise/" "Mozilla/5.0 (Windows NT 6.1; WOW64; rv:35.0) Gecko/20100101 Firefox/35.0"
10.1.2.203 - - [09/Feb/2015:09:45:03 -0300] "GET /saiku/rest/saiku/admin/discover/agregado/Hist%C3%B3rico/Hist%C3%B3rico/Hist.%20PBQ%20Servicos%20(Paineis)/measures?key=agregado%2FHist%C3%B3rico%2FHist%C3%B3rico%2FHist.%2520PBQ%2520Servicos%2520(Paineis)&_=1423486161438 HTTP/1.1" 200 5771 "http://10.210.5.50/analise/" "Mozilla/5.0 (Windows NT 6.1; WOW64; rv:35.0) Gecko/20100101 Firefox/35.0"
10.1.2.203 - - [09/Feb/2015:09:45:03 -0300] "GET /saiku/rest/saiku/admin/discover/microdados/Bases%20Atuais/Bases%20Atuais/IBGE%20Censo%20Demografico/dimensions?key=microdados%2FBases+Atuais%2FBases+Atuais%2FIBGE%2520Censo%2520Demografico&_=1423486161445 HTTP/1.1" 200 5603 "http://10.210.5.50/analise/" "Mozilla/5.0 (Windows NT 6.1; WOW64; rv:35.0) Gecko/20100101 Firefox/35.0"
10.1.2.203 - - [09/Feb/2015:09:45:03 -0300] "GET /saiku/rest/saiku/admin/discover/microdados/Bases%20Atuais/Bases%20Atuais/IBGE%20Censo%20Demografico/measures?key=microdados%2FBases+Atuais%2FBases+Atuais%2FIBGE%2520Censo%2520Demografico&_=1423486161452 HTTP/1.1" 200 735 "http://10.210.5.50/analise/" "Mozilla/5.0 (Windows NT 6.1; WOW64; rv:35.0) Gecko/20100101 Firefox/35.0"
10.1.2.203 - - [09/Feb/2015:09:45:03 -0300] "GET /saiku/rest/saiku/admin/discover/microdados/Bases%20Atuais/Bases%20Atuais/Juventude%20Viva/dimensions?key=microdados%2FBases+Atuais%2FBases+Atuais%2FJuventude%2520Viva&_=1423486161459 HTTP/1.1" 200 5137 "http://10.210.5.50/analise/" "Mozilla/5.0 (Windows NT 6.1; WOW64; rv:35.0) Gecko/20100101 Firefox/35.0"
10.1.2.203 - - [09/Feb/2015:09:45:03 -0300] "GET /saiku/rest/saiku/admin/discover/microdados/Bases%20Atuais/Bases%20Atuais/Juventude%20Viva/measures?key=microdados%2FBases+Atuais%2FBases+Atuais%2FJuventude%2520Viva&_=1423486161466 HTTP/1.1" 200 5658 "http://10.210.5.50/analise/" "Mozilla/5.0 (Windows NT 6.1; WOW64; rv:35.0) Gecko/20100101 Firefox/35.0"
10.1.2.203 - - [09/Feb/2015:09:45:03 -0300] "GET /saiku/rest/saiku/admin/discover/microdados/Bases%20Atuais/Bases%20Atuais/MDS%20CadUnico%20(Familias)/dimensions?key=microdados%2FBases+Atuais%2FBases+Atuais%2FMDS%2520CadUnico%2520(Familias)&_=1423486161474 HTTP/1.1" 200 31401 "http://10.210.5.50/analise/" "Mozilla/5.0 (Windows NT 6.1; WOW64; rv:35.0) Gecko/20100101 Firefox/35.0"
10.1.2.203 - - [09/Feb/2015:09:45:03 -0300] "GET /saiku/rest/saiku/admin/discover/microdados/Bases%20Atuais/Bases%20Atuais/MDS%20CadUnico%20(Familias)/measures?key=microdados%2FBases+Atuais%2FBases+Atuais%2FMDS%2520CadUnico%2520(Familias)&_=1423486161482 HTTP/1.1" 200 8588 "http://10.210.5.50/analise/" "Mozilla/5.0 (Windows NT 6.1; WOW64; rv:35.0) Gecko/20100101 Firefox/35.0"
10.1.2.203 - - [09/Feb/2015:09:45:03 -0300] "GET /saiku/rest/saiku/admin/discover/microdados/Bases%20Atuais/Bases%20Atuais/MDS%20CadUnico%20(Pessoas)/dimensions?key=microdados%2FBases+Atuais%2FBases+Atuais%2FMDS%2520CadUnico%2520(Pessoas)&_=1423486161489 HTTP/1.1" 200 13619 "http://10.210.5.50/analise/" "Mozilla/5.0 (Windows NT 6.1; WOW64; rv:35.0) Gecko/20100101 Firefox/35.0"
10.1.2.203 - - [09/Feb/2015:09:45:03 -0300] "GET /saiku/rest/saiku/admin/discover/microdados/Bases%20Atuais/Bases%20Atuais/MDS%20CadUnico%20(Pessoas)/measures?key=microdados%2FBases+Atuais%2FBases+Atuais%2FMDS%2520CadUnico%2520(Pessoas)&_=1423486161497 HTTP/1.1" 200 5756 "http://10.210.5.50/analise/" "Mozilla/5.0 (Windows NT 6.1; WOW64; rv:35.0) Gecko/20100101 Firefox/35.0"
10.1.2.203 - - [09/Feb/2015:09:45:03 -0300] "GET /saiku/rest/saiku/admin/discover/microdados/Bases%20Atuais/Bases%20Atuais/MEC%20Censo%20Escolar%20(Alunos)/dimensions?key=microdados%2FBases+Atuais%2FBases+Atuais%2FMEC%2520Censo%2520Escolar%2520(Alunos)&_=1423486161504 HTTP/1.1" 200 15942 "http://10.210.5.50/analise/" "Mozilla/5.0 (Windows NT 6.1; WOW64; rv:35.0) Gecko/20100101 Firefox/35.0"
10.1.2.203 - - [09/Feb/2015:09:45:03 -0300] "GET /saiku/rest/saiku/admin/discover/microdados/Bases%20Atuais/Bases%20Atuais/MEC%20Censo%20Escolar%20(Alunos)/measures?key=microdados%2FBases+Atuais%2FBases+Atuais%2FMEC%2520Censo%2520Escolar%2520(Alunos)&_=1423486161511 HTTP/1.1" 200 494 "http://10.210.5.50/analise/" "Mozilla/5.0 (Windows NT 6.1; WOW64; rv:35.0) Gecko/20100101 Firefox/35.0"
10.1.2.203 - - [09/Feb/2015:09:45:03 -0300] "GET /saiku/rest/saiku/admin/discover/microdados/Bases%20Atuais/Bases%20Atuais/MEC%20Censo%20Escolar%20(Escolas)/dimensions?key=microdados%2FBases+Atuais%2FBases+Atuais%2FMEC%2520Censo%2520Escolar%2520(Escolas)&_=1423486161519 HTTP/1.1" 200 26103 "http://10.210.5.50/analise/" "Mozilla/5.0 (Windows NT 6.1; WOW64; rv:35.0) Gecko/20100101 Firefox/35.0"
10.1.2.203 - - [09/Feb/2015:09:45:03 -0300] "GET /saiku/rest/saiku/admin/discover/microdados/Bases%20Atuais/Bases%20Atuais/MEC%20Censo%20Escolar%20(Escolas)/measures?key=microdados%2FBases+Atuais%2FBases+Atuais%2FMEC%2520Censo%2520Escolar%2520(Escolas)&_=1423486161526 HTTP/1.1" 200 1382 "http://10.210.5.50/analise/" "Mozilla/5.0 (Windows NT 6.1; WOW64; rv:35.0) Gecko/20100101 Firefox/35.0"
10.1.2.203 - - [09/Feb/2015:09:45:03 -0300] "GET /saiku/rest/saiku/admin/discover/microdados/Bases%20Atuais/Bases%20Atuais/MS%20SIM/dimensions?key=microdados%2FBases+Atuais%2FBases+Atuais%2FMS%2520SIM&_=1423486161533 HTTP/1.1" 200 15688 "http://10.210.5.50/analise/" "Mozilla/5.0 (Windows NT 6.1; WOW64; rv:35.0) Gecko/20100101 Firefox/35.0"
10.1.2.203 - - [09/Feb/2015:09:45:03 -0300] "GET /saiku/rest/saiku/admin/discover/microdados/Bases%20Atuais/Bases%20Atuais/MS%20SIM/measures?key=microdados%2FBases+Atuais%2FBases+Atuais%2FMS%2520SIM&_=1423486161540 HTTP/1.1" 200 242 "http://10.210.5.50/analise/" "Mozilla/5.0 (Windows NT 6.1; WOW64; rv:35.0) Gecko/20100101 Firefox/35.0"
10.1.2.203 - - [09/Feb/2015:09:45:03 -0300] "GET /saiku/rest/saiku/admin/discover/microdados/Bases%20Atuais/Bases%20Atuais/MTE%20RAIS/dimensions?key=microdados%2FBases+Atuais%2FBases+Atuais%2FMTE%2520RAIS&_=1423486161547 HTTP/1.1" 200 9669 "http://10.210.5.50/analise/" "Mozilla/5.0 (Windows NT 6.1; WOW64; rv:35.0) Gecko/20100101 Firefox/35.0"
10.1.2.203 - - [09/Feb/2015:09:45:03 -0300] "GET /saiku/rest/saiku/admin/discover/microdados/Bases%20Atuais/Bases%20Atuais/MTE%20RAIS/measures?key=microdados%2FBases+Atuais%2FBases+Atuais%2FMTE%2520RAIS&_=1423486161556 HTTP/1.1" 200 521 "http://10.210.5.50/analise/" "Mozilla/5.0 (Windows NT 6.1; WOW64; rv:35.0) Gecko/20100101 Firefox/35.0"
10.1.2.203 - - [09/Feb/2015:09:45:03 -0300] "GET /saiku/rest/saiku/admin/discover/microdados/Bases%20Atuais/Bases%20Atuais/PBQ%20CadUnico%20(Familias%20Quilombolas)/measures?key=microdados%2FBases+Atuais%2FBases+Atuais%2FPBQ%2520CadUnico%2520(Familias%2520Quilombolas)&_=1423486161570 HTTP/1.1" 200 6760 "http://10.210.5.50/analise/" "Mozilla/5.0 (Windows NT 6.1; WOW64; rv:35.0) Gecko/20100101 Firefox/35.0"
10.1.2.203 - - [09/Feb/2015:09:45:03 -0300] "GET /saiku/rest/saiku/admin/discover/microdados/Bases%20Atuais/Bases%20Atuais/PBQ%20CadUnico%20(Pessoas%20Quilombolas)/dimensions?key=microdados%2FBases+Atuais%2FBases+Atuais%2FPBQ%2520CadUnico%2520(Pessoas%2520Quilombolas)&_=1423486161577 HTTP/1.1" 200 16499 "http://10.210.5.50/analise/" "Mozilla/5.0 (Windows NT 6.1; WOW64; rv:35.0) Gecko/20100101 Firefox/35.0"
10.1.2.203 - - [09/Feb/2015:09:45:03 -0300] "GET /saiku/rest/saiku/admin/discover/microdados/Bases%20Atuais/Bases%20Atuais/PBQ%20CadUnico%20(Pessoas%20Quilombolas)/measures?key=microdados%2FBases+Atuais%2FBases+Atuais%2FPBQ%2520CadUnico%2520(Pessoas%2520Quilombolas)&_=1423486161584 HTTP/1.1" 200 5520 "http://10.210.5.50/analise/" "Mozilla/5.0 (Windows NT 6.1; WOW64; rv:35.0) Gecko/20100101 Firefox/35.0"
10.1.2.203 - - [09/Feb/2015:09:45:03 -0300] "GET /saiku/rest/saiku/admin/discover/microdados/Bases%20Atuais/Bases%20Atuais/PBQ%20Censo%20Escolar%20(Alunos%20de%20Escolas%20Quilombolas)/dimensions?key=microdados%2FBases+Atuais%2FBases+Atuais%2FPBQ%2520Censo%2520Escolar%2520(Alunos%2520de%2520Escolas%2520Quilombolas)&_=1423486161592 HTTP/1.1" 200 15942 "http://10.210.5.50/analise/" "Mozilla/5.0 (Windows NT 6.1; WOW64; rv:35.0) Gecko/20100101 Firefox/35.0"
10.1.2.203 - - [09/Feb/2015:09:45:03 -0300] "GET /saiku/rest/saiku/admin/discover/microdados/Bases%20Atuais/Bases%20Atuais/PBQ%20Censo%20Escolar%20(Alunos%20de%20Escolas%20Quilombolas)/measures?key=microdados%2FBases+Atuais%2FBases+Atuais%2FPBQ%2520Censo%2520Escolar%2520(Alunos%2520de%2520Escolas%2520Quilombolas)&_=1423486161599 HTTP/1.1" 200 494 "http://10.210.5.50/analise/" "Mozilla/5.0 (Windows NT 6.1; WOW64; rv:35.0) Gecko/20100101 Firefox/35.0"
10.1.2.203 - - [09/Feb/2015:09:45:03 -0300] "GET /saiku/rest/saiku/admin/discover/microdados/Bases%20Atuais/Bases%20Atuais/PBQ%20CadUnico%20(Familias%20Quilombolas)/dimensions?key=microdados%2FBases+Atuais%2FBases+Atuais%2FPBQ%2520CadUnico%2520(Familias%2520Quilombolas)&_=1423486161563 HTTP/1.1" 200 32318 "http://10.210.5.50/analise/" "Mozilla/5.0 (Windows NT 6.1; WOW64; rv:35.0) Gecko/20100101 Firefox/35.0"
10.1.2.203 - - [09/Feb/2015:09:45:03 -0300] "GET /saiku/rest/saiku/admin/discover/microdados/Bases%20Atuais/Bases%20Atuais/PBQ%20Censo%20Escolar%20(Escolas%20Quilombolas)/dimensions?key=microdados%2FBases+Atuais%2FBases+Atuais%2FPBQ%2520Censo%2520Escolar%2520(Escolas%2520Quilombolas)&_=1423486161606 HTTP/1.1" 200 25017 "http://10.210.5.50/analise/" "Mozilla/5.0 (Windows NT 6.1; WOW64; rv:35.0) Gecko/20100101 Firefox/35.0"
10.1.2.203 - - [09/Feb/2015:09:45:03 -0300] "GET /saiku/rest/saiku/admin/discover/microdados/Bases%20Atuais/Bases%20Atuais/PBQ%20Dados%20Integrados/dimensions?key=microdados%2FBases+Atuais%2FBases+Atuais%2FPBQ%2520Dados%2520Integrados&_=1423486161621 HTTP/1.1" 200 7254 "http://10.210.5.50/analise/" "Mozilla/5.0 (Windows NT 6.1; WOW64; rv:35.0) Gecko/20100101 Firefox/35.0"
10.1.2.203 - - [09/Feb/2015:09:45:03 -0300] "GET /saiku/rest/saiku/admin/discover/microdados/Bases%20Atuais/Bases%20Atuais/PBQ%20Censo%20Escolar%20(Escolas%20Quilombolas)/measures?key=microdados%2FBases+Atuais%2FBases+Atuais%2FPBQ%2520Censo%2520Escolar%2520(Escolas%2520Quilombolas)&_=1423486161613 HTTP/1.1" 200 1131 "http://10.210.5.50/analise/" "Mozilla/5.0 (Windows NT 6.1; WOW64; rv:35.0) Gecko/20100101 Firefox/35.0"
10.1.2.203 - - [09/Feb/2015:09:45:03 -0300] "GET /saiku/rest/saiku/admin/discover/microdados/Bases%20Atuais/Bases%20Atuais/PBQ%20Servicos%20(Paineis)/dimensions?key=microdados%2FBases+Atuais%2FBases+Atuais%2FPBQ%2520Servicos%2520(Paineis)&_=1423486161636 HTTP/1.1" 200 919 "http://10.210.5.50/analise/" "Mozilla/5.0 (Windows NT 6.1; WOW64; rv:35.0) Gecko/20100101 Firefox/35.0"
10.1.2.203 - - [09/Feb/2015:09:45:03 -0300] "GET /saiku/rest/saiku/admin/discover/microdados/Bases%20Atuais/Bases%20Atuais/PBQ%20Servicos%20(Paineis)/measures?key=microdados%2FBases+Atuais%2FBases+Atuais%2FPBQ%2520Servicos%2520(Paineis)&_=1423486161643 HTTP/1.1" 200 5771 "http://10.210.5.50/analise/" "Mozilla/5.0 (Windows NT 6.1; WOW64; rv:35.0) Gecko/20100101 Firefox/35.0"
10.1.2.203 - - [09/Feb/2015:09:45:03 -0300] "GET /saiku/rest/saiku/admin/discover/microdados/Bases%20Atuais/Bases%20Atuais/PBQ%20Dados%20Integrados/measures?key=microdados%2FBases+Atuais%2FBases+Atuais%2FPBQ%2520Dados%2520Integrados&_=1423486161628 HTTP/1.1" 200 1050 "http://10.210.5.50/analise/" "Mozilla/5.0 (Windows NT 6.1; WOW64; rv:35.0) Gecko/20100101 Firefox/35.0"
10.1.2.101 - - [09/Feb/2015:09:45:06 -0300] "GET /saiku/rest/saiku/admin/query/E594A985-79BB-9F11-9692-8EE3ED167C09/result/metadata/dimensions/Comunidade/hierarchies/%5BComunidade%5D/levels/%5BComunidade%5D.%5BComunidade%5D?result=true&_=1423486164523 HTTP/1.1" 200 566007 "http://10.210.5.50/analise/" "Mozilla/5.0 (Windows NT 6.1; WOW64) AppleWebKit/537.36 (KHTML, like Gecko) Chrome/40.0.2214.111 Safari/537.36"
10.1.2.101 - - [09/Feb/2015:09:45:06 -0300] "GET /saiku/rest/saiku/admin/query/E594A985-79BB-9F11-9692-8EE3ED167C09/axis/COLUMNS/dimension/Comunidade?_=1423486164623 HTTP/1.1" 200 375 "http://10.210.5.50/analise/" "Mozilla/5.0 (Windows NT 6.1; WOW64) AppleWebKit/537.36 (KHTML, like Gecko) Chrome/40.0.2214.111 Safari/537.36"
10.1.2.101 - - [09/Feb/2015:09:45:26 -0300] "GET /saiku/rest/saiku/admin/query/E594A985-79BB-9F11-9692-8EE3ED167C09/result/flattened?limit=0&_=1423486184291 HTTP/1.1" 200 689 "http://10.210.5.50/analise/" "Mozilla/5.0 (Windows NT 6.1; WOW64) AppleWebKit/537.36 (KHTML, like Gecko) Chrome/40.0.2214.111 Safari/537.36"
10.1.2.203 - - [09/Feb/2015:09:45:35 -0300] "POST /saiku/rest/saiku/admin/query/191CEBB5-0C17-75DC-B068-E2EC747A5628 HTTP/1.1" 200 1572 "http://10.210.5.50/analise/" "Mozilla/5.0 (Windows NT 6.1; WOW64; rv:35.0) Gecko/20100101 Firefox/35.0"
10.1.2.203 - - [09/Feb/2015:09:45:40 -0300] "DELETE /saiku/rest/saiku/admin/query/191CEBB5-0C17-75DC-B068-E2EC747A5628 HTTP/1.1" 200 16 "http://10.210.5.50/analise/" "Mozilla/5.0 (Windows NT 6.1; WOW64; rv:35.0) Gecko/20100101 Firefox/35.0"
10.1.2.203 - - [09/Feb/2015:09:45:40 -0300] "POST /saiku/rest/saiku/admin/query/F7AAC8DC-D40B-1486-B87F-C23FE5DF660E HTTP/1.1" 200 1590 "http://10.210.5.50/analise/" "Mozilla/5.0 (Windows NT 6.1; WOW64; rv:35.0) Gecko/20100101 Firefox/35.0"
10.1.2.203 - - [09/Feb/2015:09:45:45 -0300] "POST /saiku/rest/saiku/admin/query/F7AAC8DC-D40B-1486-B87F-C23FE5DF660E/axis/COLUMNS/dimension/Measures/member/%5BMeasures%5D.%5BFam%C3%ADlias%5D HTTP/1.1" 201 - "http://10.210.5.50/analise/" "Mozilla/5.0 (Windows NT 6.1; WOW64; rv:35.0) Gecko/20100101 Firefox/35.0"
10.1.2.203 - - [09/Feb/2015:09:45:50 -0300] "POST /saiku/rest/saiku/admin/query/F7AAC8DC-D40B-1486-B87F-C23FE5DF660E/axis/ROWS/dimension/Comunidade/hierarchy/%5BComunidade%5D/%5BComunidade%5D.%5BComunidade%5D HTTP/1.1" 201 - "http://10.210.5.50/analise/" "Mozilla/5.0 (Windows NT 6.1; WOW64; rv:35.0) Gecko/20100101 Firefox/35.0"
10.1.2.203 - - [09/Feb/2015:09:45:50 -0300] "GET /saiku/rest/saiku/admin/query/F7AAC8DC-D40B-1486-B87F-C23FE5DF660E/result/flattened?limit=0&_=1423486208338 HTTP/1.1" 200 407398 "http://10.210.5.50/analise/" "Mozilla/5.0 (Windows NT 6.1; WOW64; rv:35.0) Gecko/20100101 Firefox/35.0"
10.1.2.101 - - [09/Feb/2015:09:45:55 -0300] "DELETE /saiku/rest/saiku/admin/query/E594A985-79BB-9F11-9692-8EE3ED167C09 HTTP/1.1" 200 16 "http://10.210.5.50/analise/" "Mozilla/5.0 (Windows NT 6.1; WOW64) AppleWebKit/537.36 (KHTML, like Gecko) Chrome/40.0.2214.111 Safari/537.36"
10.1.2.101 - - [09/Feb/2015:09:45:55 -0300] "POST /saiku/rest/saiku/admin/query/7843A84A-C771-9ED6-BC07-B316EA0B1E05 HTTP/1.1" 200 1572 "http://10.210.5.50/analise/" "Mozilla/5.0 (Windows NT 6.1; WOW64) AppleWebKit/537.36 (KHTML, like Gecko) Chrome/40.0.2214.111 Safari/537.36"
10.1.2.203 - - [09/Feb/2015:09:45:59 -0300] "POST /saiku/rest/saiku/admin/query/F7AAC8DC-D40B-1486-B87F-C23FE5DF660E/axis/ROWS/dimension/%E2%93%89%20Per%C3%ADodo/hierarchy/%5B%E2%93%89%20Per%C3%ADodo%5D/%5B%E2%93%89%20Per%C3%ADodo%5D.%5BM%C3%AAs%5D HTTP/1.1" 201 - "http://10.210.5.50/analise/" "Mozilla/5.0 (Windows NT 6.1; WOW64; rv:35.0) Gecko/20100101 Firefox/35.0"
10.1.2.101 - - [09/Feb/2015:09:46:00 -0300] "POST /saiku/rest/saiku/admin/query/7843A84A-C771-9ED6-BC07-B316EA0B1E05/axis/COLUMNS/dimension/Comunidade/hierarchy/%5BComunidade%5D/%5BComunidade%5D.%5BComunidade%5D HTTP/1.1" 201 - "http://10.210.5.50/analise/" "Mozilla/5.0 (Windows NT 6.1; WOW64) AppleWebKit/537.36 (KHTML, like Gecko) Chrome/40.0.2214.111 Safari/537.36"
10.1.2.203 - - [09/Feb/2015:09:46:00 -0300] "GET /saiku/rest/saiku/admin/query/F7AAC8DC-D40B-1486-B87F-C23FE5DF660E/result/flattened?limit=0&_=1423486218044 HTTP/1.1" 200 1552279 "http://10.210.5.50/analise/" "Mozilla/5.0 (Windows NT 6.1; WOW64; rv:35.0) Gecko/20100101 Firefox/35.0"
10.1.2.101 - - [09/Feb/2015:09:46:01 -0300] "GET /saiku/rest/saiku/admin/query/7843A84A-C771-9ED6-BC07-B316EA0B1E05/result/metadata/dimensions/Comunidade/hierarchies/%5BComunidade%5D/levels/%5BComunidade%5D.%5BComunidade%5D?result=true&_=1423486219675 HTTP/1.1" 200 566007 "http://10.210.5.50/analise/" "Mozilla/5.0 (Windows NT 6.1; WOW64) AppleWebKit/537.36 (KHTML, like Gecko) Chrome/40.0.2214.111 Safari/537.36"
10.1.2.101 - - [09/Feb/2015:09:46:01 -0300] "GET /saiku/rest/saiku/admin/query/7843A84A-C771-9ED6-BC07-B316EA0B1E05/axis/COLUMNS/dimension/Comunidade?_=1423486219762 HTTP/1.1" 200 356 "http://10.210.5.50/analise/" "Mozilla/5.0 (Windows NT 6.1; WOW64) AppleWebKit/537.36 (KHTML, like Gecko) Chrome/40.0.2214.111 Safari/537.36"
10.1.2.101 - - [09/Feb/2015:09:46:09 -0300] "PUT /saiku/rest/saiku/admin/query/7843A84A-C771-9ED6-BC07-B316EA0B1E05/axis/COLUMNS/dimension/Comunidade HTTP/1.1" 200 - "http://10.210.5.50/analise/" "Mozilla/5.0 (Windows NT 6.1; WOW64) AppleWebKit/537.36 (KHTML, like Gecko) Chrome/40.0.2214.111 Safari/537.36"
10.1.2.101 - - [09/Feb/2015:09:46:14 -0300] "POST /saiku/rest/saiku/admin/query/7843A84A-C771-9ED6-BC07-B316EA0B1E05/axis/ROWS/dimension/Measures/member/%5BMeasures%5D.%5BFam%C3%ADlias%5D HTTP/1.1" 201 - "http://10.210.5.50/analise/" "Mozilla/5.0 (Windows NT 6.1; WOW64) AppleWebKit/537.36 (KHTML, like Gecko) Chrome/40.0.2214.111 Safari/537.36"
10.1.2.101 - - [09/Feb/2015:09:46:14 -0300] "GET /saiku/rest/saiku/admin/query/7843A84A-C771-9ED6-BC07-B316EA0B1E05/result/flattened?limit=0&_=1423486233206 HTTP/1.1" 200 688 "http://10.210.5.50/analise/" "Mozilla/5.0 (Windows NT 6.1; WOW64) AppleWebKit/537.36 (KHTML, like Gecko) Chrome/40.0.2214.111 Safari/537.36"
10.1.2.203 - - [09/Feb/2015:09:46:24 -0300] "DELETE /saiku/rest/saiku/admin/query/F7AAC8DC-D40B-1486-B87F-C23FE5DF660E/axis/ROWS/dimension/Comunidade/hierarchy/%5BComunidade%5D/%5BComunidade%5D.%5BComunidade%5D HTTP/1.1" 200 - "http://10.210.5.50/analise/" "Mozilla/5.0 (Windows NT 6.1; WOW64; rv:35.0) Gecko/20100101 Firefox/35.0"
10.1.2.203 - - [09/Feb/2015:09:46:26 -0300] "GET /saiku/rest/saiku/admin/query/F7AAC8DC-D40B-1486-B87F-C23FE5DF660E/result/flattened?limit=0&_=1423486244386 HTTP/1.1" 200 1205 "http://10.210.5.50/analise/" "Mozilla/5.0 (Windows NT 6.1; WOW64; rv:35.0) Gecko/20100101 Firefox/35.0"
10.1.2.203 - - [09/Feb/2015:09:46:27 -0300] "DELETE /saiku/rest/saiku/admin/query/F7AAC8DC-D40B-1486-B87F-C23FE5DF660E/axis/ROWS/dimension/%E2%93%89%20Per%C3%ADodo/hierarchy/%5B%E2%93%89%20Per%C3%ADodo%5D/%5B%E2%93%89%20Per%C3%ADodo%5D.%5BM%C3%AAs%5D HTTP/1.1" 200 - "http://10.210.5.50/analise/" "Mozilla/5.0 (Windows NT 6.1; WOW64; rv:35.0) Gecko/20100101 Firefox/35.0"
10.1.2.101 - - [09/Feb/2015:09:46:27 -0300] "POST /saiku/rest/saiku/admin/query/7843A84A-C771-9ED6-BC07-B316EA0B1E05/axis/ROWS/dimension/Measures/member/%5BMeasures%5D.%5BM%C3%A9dia%20das%20Rendas%20M%C3%A9dias%5D HTTP/1.1" 201 - "http://10.210.5.50/analise/" "Mozilla/5.0 (Windows NT 6.1; WOW64) AppleWebKit/537.36 (KHTML, like Gecko) Chrome/40.0.2214.111 Safari/537.36"
10.1.2.101 - - [09/Feb/2015:09:46:27 -0300] "GET /saiku/rest/saiku/admin/query/7843A84A-C771-9ED6-BC07-B316EA0B1E05/result/flattened?limit=0&_=1423486245667 HTTP/1.1" 200 1000 "http://10.210.5.50/analise/" "Mozilla/5.0 (Windows NT 6.1; WOW64) AppleWebKit/537.36 (KHTML, like Gecko) Chrome/40.0.2214.111 Safari/537.36"
